Archive member included to satisfy reference by file (symbol)

D:\Google_drive\_Dokumenti\SW4STM32\DISCO-F429ZI_uGFX\mbed\TARGET_DISCO_F429ZI\TOOLCHAIN_GCC_ARM\libmbed.a(mbed_gpio.o)
                              src/main.o (gpio_init_out)
D:\Google_drive\_Dokumenti\SW4STM32\DISCO-F429ZI_uGFX\mbed\TARGET_DISCO_F429ZI\TOOLCHAIN_GCC_ARM\libmbed.a(mbed_pinmap_common.o)
                              D:/Google_drive/_Dokumenti/SW4STM32/DISCO-F429ZI_uGFX/mbed/TARGET_DISCO_F429ZI/TOOLCHAIN_GCC_ARM/analogin_api.o (pinmap_pinout)
D:\Google_drive\_Dokumenti\SW4STM32\DISCO-F429ZI_uGFX\mbed\TARGET_DISCO_F429ZI\TOOLCHAIN_GCC_ARM\libmbed.a(mbed_us_ticker_api.o)
                              D:/Google_drive/_Dokumenti/SW4STM32/DISCO-F429ZI_uGFX/mbed/TARGET_DISCO_F429ZI/TOOLCHAIN_GCC_ARM/hal_tick_32b.o (us_ticker_irq_handler)
D:\Google_drive\_Dokumenti\SW4STM32\DISCO-F429ZI_uGFX\mbed\TARGET_DISCO_F429ZI\TOOLCHAIN_GCC_ARM\libmbed.a(mbed_ticker_api.o)
                              D:\Google_drive\_Dokumenti\SW4STM32\DISCO-F429ZI_uGFX\mbed\TARGET_DISCO_F429ZI\TOOLCHAIN_GCC_ARM\libmbed.a(mbed_us_ticker_api.o) (ticker_irq_handler)
D:\Google_drive\_Dokumenti\SW4STM32\DISCO-F429ZI_uGFX\mbed\TARGET_DISCO_F429ZI\TOOLCHAIN_GCC_ARM\libmbed.a(FilePath.o)
                              D:/Google_drive/_Dokumenti/SW4STM32/DISCO-F429ZI_uGFX/mbed/TARGET_DISCO_F429ZI/TOOLCHAIN_GCC_ARM/mbed_retarget.o (mbed::FilePath::FilePath(char const*))
D:\Google_drive\_Dokumenti\SW4STM32\DISCO-F429ZI_uGFX\mbed\TARGET_DISCO_F429ZI\TOOLCHAIN_GCC_ARM\libmbed.a(mbed_assert.o)
                              D:/Google_drive/_Dokumenti/SW4STM32/DISCO-F429ZI_uGFX/mbed/TARGET_DISCO_F429ZI/TOOLCHAIN_GCC_ARM/analogin_api.o (mbed_assert_internal)
D:\Google_drive\_Dokumenti\SW4STM32\DISCO-F429ZI_uGFX\mbed\TARGET_DISCO_F429ZI\TOOLCHAIN_GCC_ARM\libmbed.a(mbed_error.o)
                              D:/Google_drive/_Dokumenti/SW4STM32/DISCO-F429ZI_uGFX/mbed/TARGET_DISCO_F429ZI/TOOLCHAIN_GCC_ARM/analogin_api.o (error)
D:\Google_drive\_Dokumenti\SW4STM32\DISCO-F429ZI_uGFX\mbed\TARGET_DISCO_F429ZI\TOOLCHAIN_GCC_ARM\libmbed.a(mbed_critical.o)
                              D:/Google_drive/_Dokumenti/SW4STM32/DISCO-F429ZI_uGFX/mbed/TARGET_DISCO_F429ZI/TOOLCHAIN_GCC_ARM/mbed_board.o (core_util_critical_section_enter)
D:\Google_drive\_Dokumenti\SW4STM32\DISCO-F429ZI_uGFX\mbed\TARGET_DISCO_F429ZI\TOOLCHAIN_GCC_ARM\libmbed.a(mbed_mktime.o)
                              D:/Google_drive/_Dokumenti/SW4STM32/DISCO-F429ZI_uGFX/mbed/TARGET_DISCO_F429ZI/TOOLCHAIN_GCC_ARM/rtc_api.o (_rtc_mktime)
D:\Google_drive\_Dokumenti\SW4STM32\DISCO-F429ZI_uGFX\mbed\TARGET_DISCO_F429ZI\TOOLCHAIN_GCC_ARM\libmbed.a(mbed_wait_api_no_rtos.o)
                              D:/Google_drive/_Dokumenti/SW4STM32/DISCO-F429ZI_uGFX/mbed/TARGET_DISCO_F429ZI/TOOLCHAIN_GCC_ARM/i2c_api.o (wait_us)
D:\Google_drive\_Dokumenti\SW4STM32\DISCO-F429ZI_uGFX\mbed\TARGET_DISCO_F429ZI\TOOLCHAIN_GCC_ARM\libmbed.a(FileBase.o)
                              D:\Google_drive\_Dokumenti\SW4STM32\DISCO-F429ZI_uGFX\mbed\TARGET_DISCO_F429ZI\TOOLCHAIN_GCC_ARM\libmbed.a(FilePath.o) (mbed::FileBase::getPathType())
c:/ac6/systemworkbench/plugins/fr.ac6.mcu.externaltools.arm-none.win32_1.15.0.201708311556/tools/compiler/bin/../lib/gcc/arm-none-eabi/6.3.1/../../../../arm-none-eabi/lib/thumb/v7e-m/fpv4-sp/softfp\libc_nano.a(lib_a-errno.o)
                              D:/Google_drive/_Dokumenti/SW4STM32/DISCO-F429ZI_uGFX/mbed/TARGET_DISCO_F429ZI/TOOLCHAIN_GCC_ARM/mbed_retarget.o (__errno)
c:/ac6/systemworkbench/plugins/fr.ac6.mcu.externaltools.arm-none.win32_1.15.0.201708311556/tools/compiler/bin/../lib/gcc/arm-none-eabi/6.3.1/../../../../arm-none-eabi/lib/thumb/v7e-m/fpv4-sp/softfp\libc_nano.a(lib_a-exit.o)
                              c:/ac6/systemworkbench/plugins/fr.ac6.mcu.externaltools.arm-none.win32_1.15.0.201708311556/tools/compiler/bin/../lib/gcc/arm-none-eabi/6.3.1/../../../../arm-none-eabi/lib/thumb/v7e-m/fpv4-sp/softfp/crt0.o (exit)
c:/ac6/systemworkbench/plugins/fr.ac6.mcu.externaltools.arm-none.win32_1.15.0.201708311556/tools/compiler/bin/../lib/gcc/arm-none-eabi/6.3.1/../../../../arm-none-eabi/lib/thumb/v7e-m/fpv4-sp/softfp\libc_nano.a(lib_a-fflush.o)
                              D:/Google_drive/_Dokumenti/SW4STM32/DISCO-F429ZI_uGFX/mbed/TARGET_DISCO_F429ZI/TOOLCHAIN_GCC_ARM/mbed_retarget.o (fflush)
c:/ac6/systemworkbench/plugins/fr.ac6.mcu.externaltools.arm-none.win32_1.15.0.201708311556/tools/compiler/bin/../lib/gcc/arm-none-eabi/6.3.1/../../../../arm-none-eabi/lib/thumb/v7e-m/fpv4-sp/softfp\libc_nano.a(lib_a-fgetc.o)
                              D:/Google_drive/_Dokumenti/SW4STM32/DISCO-F429ZI_uGFX/mbed/TARGET_DISCO_F429ZI/TOOLCHAIN_GCC_ARM/mbed_retarget.o (fgetc)
c:/ac6/systemworkbench/plugins/fr.ac6.mcu.externaltools.arm-none.win32_1.15.0.201708311556/tools/compiler/bin/../lib/gcc/arm-none-eabi/6.3.1/../../../../arm-none-eabi/lib/thumb/v7e-m/fpv4-sp/softfp\libc_nano.a(lib_a-fgets.o)
[...]
Memory Configuration

Name             Origin             Length             Attributes
VECTORS          0x08000000         0x00000400         xr
FLASH            0x08000400         0x001ffc00         xr
CCM              0x10000000         0x00010000         xrw
RAM              0x20000000         0x00030000         xrw
*default*        0x00000000         0xffffffff

Linker script and memory map

LOAD c:/ac6/systemworkbench/plugins/fr.ac6.mcu.externaltools.arm-none.win32_1.15.0.201708311556/tools/compiler/bin/../lib/gcc/arm-none-eabi/6.3.1/thumb/v7e-m/fpv4-sp/softfp/crti.o
LOAD c:/ac6/systemworkbench/plugins/fr.ac6.mcu.externaltools.arm-none.win32_1.15.0.201708311556/tools/compiler/bin/../lib/gcc/arm-none-eabi/6.3.1/thumb/v7e-m/fpv4-sp/softfp/crtbegin.o
LOAD c:/ac6/systemworkbench/plugins/fr.ac6.mcu.externaltools.arm-none.win32_1.15.0.201708311556/tools/compiler/bin/../lib/gcc/arm-none-eabi/6.3.1/../../../../arm-none-eabi/lib/thumb/v7e-m/fpv4-sp/softfp/crt0.o
LOAD src/main.o
LOAD src/stm32f439i_raw32_ugfx.o
LOAD ugfx_2.7/drivers/gdisp/STM32LTDC/gdisp_lld_STM32LTDC.o
LOAD ugfx_2.7/drivers/ginput/touch/STMPE811/gmouse_lld_STMPE811.o
LOAD ugfx_2.7/src/gfx_mk.o
LOAD D:/Google_drive/_Dokumenti/SW4STM32/DISCO-F429ZI_uGFX/mbed/TARGET_DISCO_F429ZI/TOOLCHAIN_GCC_ARM/stm32f4xx_hal_flash_ramfunc.o
LOAD D:/Google_drive/_Dokumenti/SW4STM32/DISCO-F429ZI_uGFX/mbed/TARGET_DISCO_F429ZI/TOOLCHAIN_GCC_ARM/PeripheralPins.o
LOAD D:/Google_drive/_Dokumenti/SW4STM32/DISCO-F429ZI_uGFX/mbed/TARGET_DISCO_F429ZI/TOOLCHAIN_GCC_ARM/analogin_api.o
LOAD D:/Google_drive/_Dokumenti/SW4STM32/DISCO-F429ZI_uGFX/mbed/TARGET_DISCO_F429ZI/TOOLCHAIN_GCC_ARM/analogout_api.o
LOAD D:/Google_drive/_Dokumenti/SW4STM32/DISCO-F429ZI_uGFX/mbed/TARGET_DISCO_F429ZI/TOOLCHAIN_GCC_ARM/analogout_device.o
LOAD D:/Google_drive/_Dokumenti/SW4STM32/DISCO-F429ZI_uGFX/mbed/TARGET_DISCO_F429ZI/TOOLCHAIN_GCC_ARM/can_api.o
LOAD D:/Google_drive/_Dokumenti/SW4STM32/DISCO-F429ZI_uGFX/mbed/TARGET_DISCO_F429ZI/TOOLCHAIN_GCC_ARM/flash_api.o
LOAD D:/Google_drive/_Dokumenti/SW4STM32/DISCO-F429ZI_uGFX/mbed/TARGET_DISCO_F429ZI/TOOLCHAIN_GCC_ARM/gpio_api.o
LOAD D:/Google_drive/_Dokumenti/SW4STM32/DISCO-F429ZI_uGFX/mbed/TARGET_DISCO_F429ZI/TOOLCHAIN_GCC_ARM/gpio_irq_api.o
LOAD D:/Google_drive/_Dokumenti/SW4STM32/DISCO-F429ZI_uGFX/mbed/TARGET_DISCO_F429ZI/TOOLCHAIN_GCC_ARM/gpio_irq_device.o
LOAD D:/Google_drive/_Dokumenti/SW4STM32/DISCO-F429ZI_uGFX/mbed/TARGET_DISCO_F429ZI/TOOLCHAIN_GCC_ARM/hal_init_pre.o
LOAD D:/Google_drive/_Dokumenti/SW4STM32/DISCO-F429ZI_uGFX/mbed/TARGET_DISCO_F429ZI/TOOLCHAIN_GCC_ARM/hal_tick_16b.o
LOAD D:/Google_drive/_Dokumenti/SW4STM32/DISCO-F429ZI_uGFX/mbed/TARGET_DISCO_F429ZI/TOOLCHAIN_GCC_ARM/hal_tick_32b.o
LOAD D:/Google_drive/_Dokumenti/SW4STM32/DISCO-F429ZI_uGFX/mbed/TARGET_DISCO_F429ZI/TOOLCHAIN_GCC_ARM/i2c_api.o
LOAD D:/Google_drive/_Dokumenti/SW4STM32/DISCO-F429ZI_uGFX/mbed/TARGET_DISCO_F429ZI/TOOLCHAIN_GCC_ARM/lp_ticker.o
LOAD D:/Google_drive/_Dokumenti/SW4STM32/DISCO-F429ZI_uGFX/mbed/TARGET_DISCO_F429ZI/TOOLCHAIN_GCC_ARM/mbed_board.o
LOAD D:/Google_drive/_Dokumenti/SW4STM32/DISCO-F429ZI_uGFX/mbed/TARGET_DISCO_F429ZI/TOOLCHAIN_GCC_ARM/mbed_overrides.o
LOAD D:/Google_drive/_Dokumenti/SW4STM32/DISCO-F429ZI_uGFX/mbed/TARGET_DISCO_F429ZI/TOOLCHAIN_GCC_ARM/mbed_retarget.o
LOAD D:/Google_drive/_Dokumenti/SW4STM32/DISCO-F429ZI_uGFX/mbed/TARGET_DISCO_F429ZI/TOOLCHAIN_GCC_ARM/mbed_sdk_boot.o
LOAD D:/Google_drive/_Dokumenti/SW4STM32/DISCO-F429ZI_uGFX/mbed/TARGET_DISCO_F429ZI/TOOLCHAIN_GCC_ARM/pinmap.o
LOAD D:/Google_drive/_Dokumenti/SW4STM32/DISCO-F429ZI_uGFX/mbed/TARGET_DISCO_F429ZI/TOOLCHAIN_GCC_ARM/port_api.o
LOAD D:/Google_drive/_Dokumenti/SW4STM32/DISCO-F429ZI_uGFX/mbed/TARGET_DISCO_F429ZI/TOOLCHAIN_GCC_ARM/pwmout_api.o
LOAD D:/Google_drive/_Dokumenti/SW4STM32/DISCO-F429ZI_uGFX/mbed/TARGET_DISCO_F429ZI/TOOLCHAIN_GCC_ARM/pwmout_device.o
LOAD D:/Google_drive/_Dokumenti/SW4STM32/DISCO-F429ZI_uGFX/mbed/TARGET_DISCO_F429ZI/TOOLCHAIN_GCC_ARM/rtc_api.o
LOAD D:/Google_drive/_Dokumenti/SW4STM32/DISCO-F429ZI_uGFX/mbed/TARGET_DISCO_F429ZI/TOOLCHAIN_GCC_ARM/serial_api.o
LOAD D:/Google_drive/_Dokumenti/SW4STM32/DISCO-F429ZI_uGFX/mbed/TARGET_DISCO_F429ZI/TOOLCHAIN_GCC_ARM/serial_device.o
LOAD D:/Google_drive/_Dokumenti/SW4STM32/DISCO-F429ZI_uGFX/mbed/TARGET_DISCO_F429ZI/TOOLCHAIN_GCC_ARM/sleep.o
LOAD D:/Google_drive/_Dokumenti/SW4STM32/DISCO-F429ZI_uGFX/mbed/TARGET_DISCO_F429ZI/TOOLCHAIN_GCC_ARM/spi_api.o
LOAD D:/Google_drive/_Dokumenti/SW4STM32/DISCO-F429ZI_uGFX/mbed/TARGET_DISCO_F429ZI/TOOLCHAIN_GCC_ARM/startup_stm32f429xx.o
LOAD D:/Google_drive/_Dokumenti/SW4STM32/DISCO-F429ZI_uGFX/mbed/TARGET_DISCO_F429ZI/TOOLCHAIN_GCC_ARM/stm32f4xx_hal.o
LOAD D:/Google_drive/_Dokumenti/SW4STM32/DISCO-F429ZI_uGFX/mbed/TARGET_DISCO_F429ZI/TOOLCHAIN_GCC_ARM/stm32f4xx_hal_adc.o
LOAD D:/Google_drive/_Dokumenti/SW4STM32/DISCO-F429ZI_uGFX/mbed/TARGET_DISCO_F429ZI/TOOLCHAIN_GCC_ARM/stm32f4xx_hal_adc_ex.o
LOAD D:/Google_drive/_Dokumenti/SW4STM32/DISCO-F429ZI_uGFX/mbed/TARGET_DISCO_F429ZI/TOOLCHAIN_GCC_ARM/stm32f4xx_hal_can.o
LOAD D:/Google_drive/_Dokumenti/SW4STM32/DISCO-F429ZI_uGFX/mbed/TARGET_DISCO_F429ZI/TOOLCHAIN_GCC_ARM/stm32f4xx_hal_cec.o
LOAD D:/Google_drive/_Dokumenti/SW4STM32/DISCO-F429ZI_uGFX/mbed/TARGET_DISCO_F429ZI/TOOLCHAIN_GCC_ARM/stm32f4xx_hal_cortex.o
LOAD D:/Google_drive/_Dokumenti/SW4STM32/DISCO-F429ZI_uGFX/mbed/TARGET_DISCO_F429ZI/TOOLCHAIN_GCC_ARM/stm32f4xx_hal_crc.o
LOAD D:/Google_drive/_Dokumenti/SW4STM32/DISCO-F429ZI_uGFX/mbed/TARGET_DISCO_F429ZI/TOOLCHAIN_GCC_ARM/stm32f4xx_hal_cryp.o
LOAD D:/Google_drive/_Dokumenti/SW4STM32/DISCO-F429ZI_uGFX/mbed/TARGET_DISCO_F429ZI/TOOLCHAIN_GCC_ARM/stm32f4xx_hal_cryp_ex.o
LOAD D:/Google_drive/_Dokumenti/SW4STM32/DISCO-F429ZI_uGFX/mbed/TARGET_DISCO_F429ZI/TOOLCHAIN_GCC_ARM/stm32f4xx_hal_dac.o
LOAD D:/Google_drive/_Dokumenti/SW4STM32/DISCO-F429ZI_uGFX/mbed/TARGET_DISCO_F429ZI/TOOLCHAIN_GCC_ARM/stm32f4xx_hal_dac_ex.o
LOAD D:/Google_drive/_Dokumenti/SW4STM32/DISCO-F429ZI_uGFX/mbed/TARGET_DISCO_F429ZI/TOOLCHAIN_GCC_ARM/stm32f4xx_hal_dcmi.o
LOAD D:/Google_drive/_Dokumenti/SW4STM32/DISCO-F429ZI_uGFX/mbed/TARGET_DISCO_F429ZI/TOOLCHAIN_GCC_ARM/stm32f4xx_hal_dcmi_ex.o
LOAD D:/Google_drive/_Dokumenti/SW4STM32/DISCO-F429ZI_uGFX/mbed/TARGET_DISCO_F429ZI/TOOLCHAIN_GCC_ARM/stm32f4xx_hal_dfsdm.o
LOAD D:/Google_drive/_Dokumenti/SW4STM32/DISCO-F429ZI_uGFX/mbed/TARGET_DISCO_F429ZI/TOOLCHAIN_GCC_ARM/stm32f4xx_hal_dma.o
LOAD D:/Google_drive/_Dokumenti/SW4STM32/DISCO-F429ZI_uGFX/mbed/TARGET_DISCO_F429ZI/TOOLCHAIN_GCC_ARM/stm32f4xx_hal_dma2d.o
LOAD D:/Google_drive/_Dokumenti/SW4STM32/DISCO-F429ZI_uGFX/mbed/TARGET_DISCO_F429ZI/TOOLCHAIN_GCC_ARM/stm32f4xx_hal_dma_ex.o
LOAD D:/Google_drive/_Dokumenti/SW4STM32/DISCO-F429ZI_uGFX/mbed/TARGET_DISCO_F429ZI/TOOLCHAIN_GCC_ARM/stm32f4xx_hal_dsi.o
LOAD D:/Google_drive/_Dokumenti/SW4STM32/DISCO-F429ZI_uGFX/mbed/TARGET_DISCO_F429ZI/TOOLCHAIN_GCC_ARM/stm32f4xx_hal_eth.o
LOAD D:/Google_drive/_Dokumenti/SW4STM32/DISCO-F429ZI_uGFX/mbed/TARGET_DISCO_F429ZI/TOOLCHAIN_GCC_ARM/stm32f4xx_hal_flash.o
LOAD D:/Google_drive/_Dokumenti/SW4STM32/DISCO-F429ZI_uGFX/mbed/TARGET_DISCO_F429ZI/TOOLCHAIN_GCC_ARM/stm32f4xx_hal_flash_ex.o
LOAD D:/Google_drive/_Dokumenti/SW4STM32/DISCO-F429ZI_uGFX/mbed/TARGET_DISCO_F429ZI/TOOLCHAIN_GCC_ARM/stm32f4xx_ll_gpio.o
LOAD D:/Google_drive/_Dokumenti/SW4STM32/DISCO-F429ZI_uGFX/mbed/TARGET_DISCO_F429ZI/TOOLCHAIN_GCC_ARM/stm32f4xx_hal_fmpi2c.o
LOAD D:/Google_drive/_Dokumenti/SW4STM32/DISCO-F429ZI_uGFX/mbed/TARGET_DISCO_F429ZI/TOOLCHAIN_GCC_ARM/stm32f4xx_hal_fmpi2c_ex.o
LOAD D:/Google_drive/_Dokumenti/SW4STM32/DISCO-F429ZI_uGFX/mbed/TARGET_DISCO_F429ZI/TOOLCHAIN_GCC_ARM/stm32f4xx_hal_gpio.o
LOAD D:/Google_drive/_Dokumenti/SW4STM32/DISCO-F429ZI_uGFX/mbed/TARGET_DISCO_F429ZI/TOOLCHAIN_GCC_ARM/stm32f4xx_hal_hash.o
LOAD D:/Google_drive/_Dokumenti/SW4STM32/DISCO-F429ZI_uGFX/mbed/TARGET_DISCO_F429ZI/TOOLCHAIN_GCC_ARM/stm32f4xx_hal_hash_ex.o
LOAD D:/Google_drive/_Dokumenti/SW4STM32/DISCO-F429ZI_uGFX/mbed/TARGET_DISCO_F429ZI/TOOLCHAIN_GCC_ARM/stm32f4xx_hal_hcd.o
LOAD D:/Google_drive/_Dokumenti/SW4STM32/DISCO-F429ZI_uGFX/mbed/TARGET_DISCO_F429ZI/TOOLCHAIN_GCC_ARM/stm32f4xx_hal_i2c.o
LOAD D:/Google_drive/_Dokumenti/SW4STM32/DISCO-F429ZI_uGFX/mbed/TARGET_DISCO_F429ZI/TOOLCHAIN_GCC_ARM/stm32f4xx_hal_i2c_ex.o
LOAD D:/Google_drive/_Dokumenti/SW4STM32/DISCO-F429ZI_uGFX/mbed/TARGET_DISCO_F429ZI/TOOLCHAIN_GCC_ARM/stm32f4xx_hal_i2s.o
LOAD D:/Google_drive/_Dokumenti/SW4STM32/DISCO-F429ZI_uGFX/mbed/TARGET_DISCO_F429ZI/TOOLCHAIN_GCC_ARM/stm32f4xx_hal_i2s_ex.o
LOAD D:/Google_drive/_Dokumenti/SW4STM32/DISCO-F429ZI_uGFX/mbed/TARGET_DISCO_F429ZI/TOOLCHAIN_GCC_ARM/stm32f4xx_hal_irda.o
LOAD D:/Google_drive/_Dokumenti/SW4STM32/DISCO-F429ZI_uGFX/mbed/TARGET_DISCO_F429ZI/TOOLCHAIN_GCC_ARM/stm32f4xx_hal_iwdg.o
LOAD D:/Google_drive/_Dokumenti/SW4STM32/DISCO-F429ZI_uGFX/mbed/TARGET_DISCO_F429ZI/TOOLCHAIN_GCC_ARM/stm32f4xx_hal_lptim.o
LOAD D:/Google_drive/_Dokumenti/SW4STM32/DISCO-F429ZI_uGFX/mbed/TARGET_DISCO_F429ZI/TOOLCHAIN_GCC_ARM/stm32f4xx_hal_ltdc.o
LOAD D:/Google_drive/_Dokumenti/SW4STM32/DISCO-F429ZI_uGFX/mbed/TARGET_DISCO_F429ZI/TOOLCHAIN_GCC_ARM/stm32f4xx_hal_ltdc_ex.o
LOAD D:/Google_drive/_Dokumenti/SW4STM32/DISCO-F429ZI_uGFX/mbed/TARGET_DISCO_F429ZI/TOOLCHAIN_GCC_ARM/stm32f4xx_hal_mmc.o
LOAD D:/Google_drive/_Dokumenti/SW4STM32/DISCO-F429ZI_uGFX/mbed/TARGET_DISCO_F429ZI/TOOLCHAIN_GCC_ARM/stm32f4xx_hal_msp_template.o
LOAD D:/Google_drive/_Dokumenti/SW4STM32/DISCO-F429ZI_uGFX/mbed/TARGET_DISCO_F429ZI/TOOLCHAIN_GCC_ARM/stm32f4xx_hal_nand.o
LOAD D:/Google_drive/_Dokumenti/SW4STM32/DISCO-F429ZI_uGFX/mbed/TARGET_DISCO_F429ZI/TOOLCHAIN_GCC_ARM/stm32f4xx_hal_nor.o
LOAD D:/Google_drive/_Dokumenti/SW4STM32/DISCO-F429ZI_uGFX/mbed/TARGET_DISCO_F429ZI/TOOLCHAIN_GCC_ARM/stm32f4xx_hal_pccard.o
LOAD D:/Google_drive/_Dokumenti/SW4STM32/DISCO-F429ZI_uGFX/mbed/TARGET_DISCO_F429ZI/TOOLCHAIN_GCC_ARM/stm32f4xx_hal_pcd.o
LOAD D:/Google_drive/_Dokumenti/SW4STM32/DISCO-F429ZI_uGFX/mbed/TARGET_DISCO_F429ZI/TOOLCHAIN_GCC_ARM/stm32f4xx_hal_pcd_ex.o
LOAD D:/Google_drive/_Dokumenti/SW4STM32/DISCO-F429ZI_uGFX/mbed/TARGET_DISCO_F429ZI/TOOLCHAIN_GCC_ARM/stm32f4xx_hal_pwr.o
LOAD D:/Google_drive/_Dokumenti/SW4STM32/DISCO-F429ZI_uGFX/mbed/TARGET_DISCO_F429ZI/TOOLCHAIN_GCC_ARM/stm32f4xx_hal_pwr_ex.o
LOAD D:/Google_drive/_Dokumenti/SW4STM32/DISCO-F429ZI_uGFX/mbed/TARGET_DISCO_F429ZI/TOOLCHAIN_GCC_ARM/stm32f4xx_hal_qspi.o
LOAD D:/Google_drive/_Dokumenti/SW4STM32/DISCO-F429ZI_uGFX/mbed/TARGET_DISCO_F429ZI/TOOLCHAIN_GCC_ARM/stm32f4xx_hal_rcc.o
LOAD D:/Google_drive/_Dokumenti/SW4STM32/DISCO-F429ZI_uGFX/mbed/TARGET_DISCO_F429ZI/TOOLCHAIN_GCC_ARM/stm32f4xx_hal_rcc_ex.o
LOAD D:/Google_drive/_Dokumenti/SW4STM32/DISCO-F429ZI_uGFX/mbed/TARGET_DISCO_F429ZI/TOOLCHAIN_GCC_ARM/stm32f4xx_hal_rng.o
LOAD D:/Google_drive/_Dokumenti/SW4STM32/DISCO-F429ZI_uGFX/mbed/TARGET_DISCO_F429ZI/TOOLCHAIN_GCC_ARM/stm32f4xx_hal_rtc.o
LOAD D:/Google_drive/_Dokumenti/SW4STM32/DISCO-F429ZI_uGFX/mbed/TARGET_DISCO_F429ZI/TOOLCHAIN_GCC_ARM/stm32f4xx_hal_rtc_ex.o
LOAD D:/Google_drive/_Dokumenti/SW4STM32/DISCO-F429ZI_uGFX/mbed/TARGET_DISCO_F429ZI/TOOLCHAIN_GCC_ARM/stm32f4xx_hal_sai.o
LOAD D:/Google_drive/_Dokumenti/SW4STM32/DISCO-F429ZI_uGFX/mbed/TARGET_DISCO_F429ZI/TOOLCHAIN_GCC_ARM/stm32f4xx_hal_sai_ex.o
LOAD D:/Google_drive/_Dokumenti/SW4STM32/DISCO-F429ZI_uGFX/mbed/TARGET_DISCO_F429ZI/TOOLCHAIN_GCC_ARM/stm32f4xx_hal_sd.o
LOAD D:/Google_drive/_Dokumenti/SW4STM32/DISCO-F429ZI_uGFX/mbed/TARGET_DISCO_F429ZI/TOOLCHAIN_GCC_ARM/stm32f4xx_hal_sdram.o
LOAD D:/Google_drive/_Dokumenti/SW4STM32/DISCO-F429ZI_uGFX/mbed/TARGET_DISCO_F429ZI/TOOLCHAIN_GCC_ARM/stm32f4xx_hal_smartcard.o
LOAD D:/Google_drive/_Dokumenti/SW4STM32/DISCO-F429ZI_uGFX/mbed/TARGET_DISCO_F429ZI/TOOLCHAIN_GCC_ARM/stm32f4xx_hal_spdifrx.o
LOAD D:/Google_drive/_Dokumenti/SW4STM32/DISCO-F429ZI_uGFX/mbed/TARGET_DISCO_F429ZI/TOOLCHAIN_GCC_ARM/stm32f4xx_hal_spi.o
LOAD D:/Google_drive/_Dokumenti/SW4STM32/DISCO-F429ZI_uGFX/mbed/TARGET_DISCO_F429ZI/TOOLCHAIN_GCC_ARM/stm32f4xx_hal_sram.o
LOAD D:/Google_drive/_Dokumenti/SW4STM32/DISCO-F429ZI_uGFX/mbed/TARGET_DISCO_F429ZI/TOOLCHAIN_GCC_ARM/stm32f4xx_hal_tim.o
LOAD D:/Google_drive/_Dokumenti/SW4STM32/DISCO-F429ZI_uGFX/mbed/TARGET_DISCO_F429ZI/TOOLCHAIN_GCC_ARM/stm32f4xx_hal_tim_ex.o
LOAD D:/Google_drive/_Dokumenti/SW4STM32/DISCO-F429ZI_uGFX/mbed/TARGET_DISCO_F429ZI/TOOLCHAIN_GCC_ARM/stm32f4xx_hal_uart.o
LOAD D:/Google_drive/_Dokumenti/SW4STM32/DISCO-F429ZI_uGFX/mbed/TARGET_DISCO_F429ZI/TOOLCHAIN_GCC_ARM/stm32f4xx_hal_usart.o
LOAD D:/Google_drive/_Dokumenti/SW4STM32/DISCO-F429ZI_uGFX/mbed/TARGET_DISCO_F429ZI/TOOLCHAIN_GCC_ARM/stm32f4xx_hal_wwdg.o
LOAD D:/Google_drive/_Dokumenti/SW4STM32/DISCO-F429ZI_uGFX/mbed/TARGET_DISCO_F429ZI/TOOLCHAIN_GCC_ARM/stm32f4xx_ll_adc.o
LOAD D:/Google_drive/_Dokumenti/SW4STM32/DISCO-F429ZI_uGFX/mbed/TARGET_DISCO_F429ZI/TOOLCHAIN_GCC_ARM/stm32f4xx_ll_crc.o
LOAD D:/Google_drive/_Dokumenti/SW4STM32/DISCO-F429ZI_uGFX/mbed/TARGET_DISCO_F429ZI/TOOLCHAIN_GCC_ARM/stm32f4xx_ll_dac.o
LOAD D:/Google_drive/_Dokumenti/SW4STM32/DISCO-F429ZI_uGFX/mbed/TARGET_DISCO_F429ZI/TOOLCHAIN_GCC_ARM/stm32f4xx_ll_dma.o
LOAD D:/Google_drive/_Dokumenti/SW4STM32/DISCO-F429ZI_uGFX/mbed/TARGET_DISCO_F429ZI/TOOLCHAIN_GCC_ARM/stm32f4xx_ll_dma2d.o
LOAD D:/Google_drive/_Dokumenti/SW4STM32/DISCO-F429ZI_uGFX/mbed/TARGET_DISCO_F429ZI/TOOLCHAIN_GCC_ARM/stm32f4xx_ll_exti.o
LOAD D:/Google_drive/_Dokumenti/SW4STM32/DISCO-F429ZI_uGFX/mbed/TARGET_DISCO_F429ZI/TOOLCHAIN_GCC_ARM/stm32f4xx_ll_fmc.o
LOAD D:/Google_drive/_Dokumenti/SW4STM32/DISCO-F429ZI_uGFX/mbed/TARGET_DISCO_F429ZI/TOOLCHAIN_GCC_ARM/stm32f4xx_ll_fsmc.o
LOAD D:/Google_drive/_Dokumenti/SW4STM32/DISCO-F429ZI_uGFX/mbed/TARGET_DISCO_F429ZI/TOOLCHAIN_GCC_ARM/stm32f4xx_ll_i2c.o
LOAD D:/Google_drive/_Dokumenti/SW4STM32/DISCO-F429ZI_uGFX/mbed/TARGET_DISCO_F429ZI/TOOLCHAIN_GCC_ARM/stm32f4xx_ll_lptim.o
LOAD D:/Google_drive/_Dokumenti/SW4STM32/DISCO-F429ZI_uGFX/mbed/TARGET_DISCO_F429ZI/TOOLCHAIN_GCC_ARM/stm32f4xx_ll_pwr.o
LOAD D:/Google_drive/_Dokumenti/SW4STM32/DISCO-F429ZI_uGFX/mbed/TARGET_DISCO_F429ZI/TOOLCHAIN_GCC_ARM/stm32f4xx_ll_rcc.o
LOAD D:/Google_drive/_Dokumenti/SW4STM32/DISCO-F429ZI_uGFX/mbed/TARGET_DISCO_F429ZI/TOOLCHAIN_GCC_ARM/stm32f4xx_ll_rng.o
LOAD D:/Google_drive/_Dokumenti/SW4STM32/DISCO-F429ZI_uGFX/mbed/TARGET_DISCO_F429ZI/TOOLCHAIN_GCC_ARM/stm32f4xx_ll_rtc.o
LOAD D:/Google_drive/_Dokumenti/SW4STM32/DISCO-F429ZI_uGFX/mbed/TARGET_DISCO_F429ZI/TOOLCHAIN_GCC_ARM/stm32f4xx_ll_sdmmc.o
LOAD D:/Google_drive/_Dokumenti/SW4STM32/DISCO-F429ZI_uGFX/mbed/TARGET_DISCO_F429ZI/TOOLCHAIN_GCC_ARM/stm32f4xx_ll_spi.o
LOAD D:/Google_drive/_Dokumenti/SW4STM32/DISCO-F429ZI_uGFX/mbed/TARGET_DISCO_F429ZI/TOOLCHAIN_GCC_ARM/stm32f4xx_ll_tim.o
LOAD D:/Google_drive/_Dokumenti/SW4STM32/DISCO-F429ZI_uGFX/mbed/TARGET_DISCO_F429ZI/TOOLCHAIN_GCC_ARM/stm32f4xx_ll_usart.o
LOAD D:/Google_drive/_Dokumenti/SW4STM32/DISCO-F429ZI_uGFX/mbed/TARGET_DISCO_F429ZI/TOOLCHAIN_GCC_ARM/stm32f4xx_ll_usb.o
LOAD D:/Google_drive/_Dokumenti/SW4STM32/DISCO-F429ZI_uGFX/mbed/TARGET_DISCO_F429ZI/TOOLCHAIN_GCC_ARM/stm32f4xx_ll_utils.o
LOAD D:/Google_drive/_Dokumenti/SW4STM32/DISCO-F429ZI_uGFX/mbed/TARGET_DISCO_F429ZI/TOOLCHAIN_GCC_ARM/stm_spi_api.o
LOAD D:/Google_drive/_Dokumenti/SW4STM32/DISCO-F429ZI_uGFX/mbed/TARGET_DISCO_F429ZI/TOOLCHAIN_GCC_ARM/system_clock.o
LOAD D:/Google_drive/_Dokumenti/SW4STM32/DISCO-F429ZI_uGFX/mbed/TARGET_DISCO_F429ZI/TOOLCHAIN_GCC_ARM/system_init_pre.o
LOAD D:/Google_drive/_Dokumenti/SW4STM32/DISCO-F429ZI_uGFX/mbed/TARGET_DISCO_F429ZI/TOOLCHAIN_GCC_ARM/system_stm32f4xx.o
LOAD D:/Google_drive/_Dokumenti/SW4STM32/DISCO-F429ZI_uGFX/mbed/TARGET_DISCO_F429ZI/TOOLCHAIN_GCC_ARM/trng_api.o
LOAD D:/Google_drive/_Dokumenti/SW4STM32/DISCO-F429ZI_uGFX/mbed/TARGET_DISCO_F429ZI/TOOLCHAIN_GCC_ARM/us_ticker_16b.o
LOAD D:/Google_drive/_Dokumenti/SW4STM32/DISCO-F429ZI_uGFX/mbed/TARGET_DISCO_F429ZI/TOOLCHAIN_GCC_ARM/us_ticker_32b.o
LOAD D:\Google_drive\_Dokumenti\SW4STM32\DISCO-F429ZI_uGFX\mbed\TARGET_DISCO_F429ZI\TOOLCHAIN_GCC_ARM\libmbed.a
LOAD c:/ac6/systemworkbench/plugins/fr.ac6.mcu.externaltools.arm-none.win32_1.15.0.201708311556/tools/compiler/bin/../lib/gcc/arm-none-eabi/6.3.1/../../../../arm-none-eabi/lib/thumb/v7e-m/fpv4-sp/softfp\libstdc++_nano.a
LOAD c:/ac6/systemworkbench/plugins/fr.ac6.mcu.externaltools.arm-none.win32_1.15.0.201708311556/tools/compiler/bin/../lib/gcc/arm-none-eabi/6.3.1/../../../../arm-none-eabi/lib/thumb/v7e-m/fpv4-sp/softfp\libm.a
START GROUP
LOAD c:/ac6/systemworkbench/plugins/fr.ac6.mcu.externaltools.arm-none.win32_1.15.0.201708311556/tools/compiler/bin/../lib/gcc/arm-none-eabi/6.3.1/thumb/v7e-m/fpv4-sp/softfp\libgcc.a
LOAD c:/ac6/systemworkbench/plugins/fr.ac6.mcu.externaltools.arm-none.win32_1.15.0.201708311556/tools/compiler/bin/../lib/gcc/arm-none-eabi/6.3.1/../../../../arm-none-eabi/lib/thumb/v7e-m/fpv4-sp/softfp\libc_nano.a
END GROUP
START GROUP
LOAD c:/ac6/systemworkbench/plugins/fr.ac6.mcu.externaltools.arm-none.win32_1.15.0.201708311556/tools/compiler/bin/../lib/gcc/arm-none-eabi/6.3.1/thumb/v7e-m/fpv4-sp/softfp\libgcc.a
LOAD c:/ac6/systemworkbench/plugins/fr.ac6.mcu.externaltools.arm-none.win32_1.15.0.201708311556/tools/compiler/bin/../lib/gcc/arm-none-eabi/6.3.1/../../../../arm-none-eabi/lib/thumb/v7e-m/fpv4-sp/softfp\libc_nano.a
END GROUP
LOAD c:/ac6/systemworkbench/plugins/fr.ac6.mcu.externaltools.arm-none.win32_1.15.0.201708311556/tools/compiler/bin/../lib/gcc/arm-none-eabi/6.3.1/thumb/v7e-m/fpv4-sp/softfp/crtend.o
LOAD c:/ac6/systemworkbench/plugins/fr.ac6.mcu.externaltools.arm-none.win32_1.15.0.201708311556/tools/compiler/bin/../lib/gcc/arm-none-eabi/6.3.1/thumb/v7e-m/fpv4-sp/softfp/crtn.o
                0x00000400                M_VECTOR_RAM_SIZE = 0x400
                0x00000400                STACK_SIZE = 0x400
                0x00006000                HEAP_SIZE = 0x6000
                0x08000000                MBED_APP_START = 0x8000000
                0x00200000                MBED_APP_SIZE = 0x200000

.isr_vector     0x08000000      0x1ac
                0x08000000                __vector_table = .
 *(.isr_vector)
 .isr_vector    0x08000000      0x1ac D:/Google_drive/_Dokumenti/SW4STM32/DISCO-F429ZI_uGFX/mbed/TARGET_DISCO_F429ZI/TOOLCHAIN_GCC_ARM/startup_stm32f429xx.o
                0x08000000                g_pfnVectors
                0x080001ac                . = ALIGN (0x4)
                0x00000400                __UVISOR_FLASH_OFFSET = 0x400
                0x08000400                __UVISOR_FLASH_START = (ORIGIN (VECTORS) + __UVISOR_FLASH_OFFSET)

.text           0x08000400     0xdd0c
                0x08000400                . = ALIGN (0x4)
                0x08000400                __uvisor_main_start = .
 *(.uvisor.main)
                0x08000400                __uvisor_main_end = .
 *(.text*)
 .text          0x08000400       0x6c c:/ac6/systemworkbench/plugins/fr.ac6.mcu.externaltools.arm-none.win32_1.15.0.201708311556/tools/compiler/bin/../lib/gcc/arm-none-eabi/6.3.1/thumb/v7e-m/fpv4-sp/softfp/crtbegin.o
 .text          0x0800046c       0x74 c:/ac6/systemworkbench/plugins/fr.ac6.mcu.externaltools.arm-none.win32_1.15.0.201708311556/tools/compiler/bin/../lib/gcc/arm-none-eabi/6.3.1/../../../../arm-none-eabi/lib/thumb/v7e-m/fpv4-sp/softfp/crt0.o
                0x0800046c                _start
                0x0800046c                _mainCRTStartup
 .text.gpio_write
                0x080004e0       0x34 src/main.o
 .text._ZN4mbed10DigitalOutC2E7PinName
                0x08000514       0x38 src/main.o
                0x08000514                mbed::DigitalOut::DigitalOut(PinName)
                0x08000514                mbed::DigitalOut::DigitalOut(PinName)
 .text._ZN4mbed10DigitalOut5writeEi
                0x0800054c       0x1c src/main.o
                0x0800054c                mbed::DigitalOut::write(int)
 .text._ZN4mbed10DigitalOutaSEi
                0x08000568       0x1c src/main.o
                0x08000568                mbed::DigitalOut::operator=(int)
 .text._ZL13createWidgetsv
                0x08000584       0x50 src/main.o
 .text.main     0x080005d4       0xfc src/main.o
                0x080005d4                main
 .text._Z41__static_initialization_and_destruction_0ii
                0x080006d0       0x30 src/main.o
 .text._GLOBAL__sub_I_led_green
                0x08000700       0x10 src/main.o
 .text.gfxSystemTicks
                0x08000710        0xe src/stm32f439i_raw32_ugfx.o
                0x08000710                gfxSystemTicks
 .text.gfxMillisecondsToTicks
                0x0800071e       0x16 src/stm32f439i_raw32_ugfx.o
                0x0800071e                gfxMillisecondsToTicks
 .text.Raw32OSInit
                0x08000734       0x10 src/stm32f439i_raw32_ugfx.o
                0x08000734                Raw32OSInit
 .text.SystemClock_Config
                0x08000744       0xa8 src/stm32f439i_raw32_ugfx.o
 .text.configureLcdClock
                0x080007ec       0x28 ugfx_2.7/drivers/gdisp/STM32LTDC/gdisp_lld_STM32LTDC.o
 .text.LCD_MspInit
                0x08000814      0x1ac ugfx_2.7/drivers/gdisp/STM32LTDC/gdisp_lld_STM32LTDC.o
                0x08000814                LCD_MspInit
 .text.SDRAM_MspInit
                0x080009c0      0x218 ugfx_2.7/drivers/gdisp/STM32LTDC/gdisp_lld_STM32LTDC.o
                0x080009c0                SDRAM_MspInit
 .text.SDRAM_Init
                0x08000bd8      0x168 ugfx_2.7/drivers/gdisp/STM32LTDC/gdisp_lld_STM32LTDC.o
                0x08000bd8                SDRAM_Init
 .text.SPIx_Write
                0x08000d40       0x2c ugfx_2.7/drivers/gdisp/STM32LTDC/gdisp_lld_STM32LTDC.o
 .text.ili9341_WriteReg
                0x08000d6c       0x44 ugfx_2.7/drivers/gdisp/STM32LTDC/gdisp_lld_STM32LTDC.o
                0x08000d6c                ili9341_WriteReg
 .text.ili9341_WriteData
                0x08000db0       0x44 ugfx_2.7/drivers/gdisp/STM32LTDC/gdisp_lld_STM32LTDC.o
                0x08000db0                ili9341_WriteData
 .text.LCD_IO_Init
                0x08000df4      0x42c ugfx_2.7/drivers/gdisp/STM32LTDC/gdisp_lld_STM32LTDC.o
                0x08000df4                LCD_IO_Init
 .text.init_board
                0x08001220       0x32 ugfx_2.7/drivers/gdisp/STM32LTDC/gdisp_lld_STM32LTDC.o
 .text.post_init_board
                0x08001252       0x14 ugfx_2.7/drivers/gdisp/STM32LTDC/gdisp_lld_STM32LTDC.o
 .text.set_backlight
                0x08001266       0x18 ugfx_2.7/drivers/gdisp/STM32LTDC/gdisp_lld_STM32LTDC.o
 *fill*         0x0800127e        0x2 
 .text._ltdc_reload
                0x08001280       0x2c ugfx_2.7/drivers/gdisp/STM32LTDC/gdisp_lld_STM32LTDC.o
 .text._ltdc_layer_init
                0x080012ac      0x178 ugfx_2.7/drivers/gdisp/STM32LTDC/gdisp_lld_STM32LTDC.o
 .text._ltdc_init
                0x08001424      0x154 ugfx_2.7/drivers/gdisp/STM32LTDC/gdisp_lld_STM32LTDC.o
 .text.gdisp_lld_init
                0x08001578       0x60 ugfx_2.7/drivers/gdisp/STM32LTDC/gdisp_lld_STM32LTDC.o
                0x08001578                gdisp_lld_init
 .text.gdisp_lld_draw_pixel
                0x080015d8       0xe8 ugfx_2.7/drivers/gdisp/STM32LTDC/gdisp_lld_STM32LTDC.o
                0x080015d8                gdisp_lld_draw_pixel
 .text.gdisp_lld_get_pixel_color
                0x080016c0       0xe8 ugfx_2.7/drivers/gdisp/STM32LTDC/gdisp_lld_STM32LTDC.o
                0x080016c0                gdisp_lld_get_pixel_color
 .text.gdisp_lld_control
                0x080017a8      0x13c ugfx_2.7/drivers/gdisp/STM32LTDC/gdisp_lld_STM32LTDC.o
                0x080017a8                gdisp_lld_control
 .text.dma2d_init
                0x080018e4       0x30 ugfx_2.7/drivers/gdisp/STM32LTDC/gdisp_lld_STM32LTDC.o
 .text.gdisp_lld_fill_area
                0x08001914      0x1ac ugfx_2.7/drivers/gdisp/STM32LTDC/gdisp_lld_STM32LTDC.o
                0x08001914                gdisp_lld_fill_area
 .text.init_board
                0x08001ac0      0x158 ugfx_2.7/drivers/ginput/touch/STMPE811/gmouse_lld_STMPE811.o
 .text.aquire_bus
                0x08001c18       0x14 ugfx_2.7/drivers/ginput/touch/STMPE811/gmouse_lld_STMPE811.o
 .text.release_bus
                0x08001c2c       0x14 ugfx_2.7/drivers/ginput/touch/STMPE811/gmouse_lld_STMPE811.o
 .text.write_reg
                0x08001c40       0x40 ugfx_2.7/drivers/ginput/touch/STMPE811/gmouse_lld_STMPE811.o
 .text.read_byte
                0x08001c80       0x44 ugfx_2.7/drivers/ginput/touch/STMPE811/gmouse_lld_STMPE811.o
 .text.read_word
                0x08001cc4       0x58 ugfx_2.7/drivers/ginput/touch/STMPE811/gmouse_lld_STMPE811.o
 .text.MouseInit
                0x08001d1c       0xde ugfx_2.7/drivers/ginput/touch/STMPE811/gmouse_lld_STMPE811.o
 .text.read_xyz
                0x08001dfa       0xca ugfx_2.7/drivers/ginput/touch/STMPE811/gmouse_lld_STMPE811.o
 .text.gfxInit  0x08001ec4       0x40 ugfx_2.7/src/gfx_mk.o
                0x08001ec4                gfxInit
 .text._gosInit
                0x08001f04       0x10 ugfx_2.7/src/gfx_mk.o
                0x08001f04                _gosInit
 .text.gfxExit  0x08001f14        0xe ugfx_2.7/src/gfx_mk.o
                0x08001f14                gfxExit
 .text.gfxSystemLock
                0x08001f22        0xe ugfx_2.7/src/gfx_mk.o
                0x08001f22                gfxSystemLock
 .text.gfxSystemUnlock
                0x08001f30        0xe ugfx_2.7/src/gfx_mk.o
                0x08001f30                gfxSystemUnlock
 .text.gfxMutexInit
                0x08001f3e       0x1a ugfx_2.7/src/gfx_mk.o
                0x08001f3e                gfxMutexInit
 .text.gfxMutexEnter
                0x08001f58       0x24 ugfx_2.7/src/gfx_mk.o
                0x08001f58                gfxMutexEnter
 .text.gfxMutexExit
                0x08001f7c       0x1a ugfx_2.7/src/gfx_mk.o
                0x08001f7c                gfxMutexExit
 .text.gfxSemInit
                0x08001f96       0x28 ugfx_2.7/src/gfx_mk.o
                0x08001f96                gfxSemInit
 .text.gfxSemWait
                0x08001fbe       0x9a ugfx_2.7/src/gfx_mk.o
                0x08001fbe                gfxSemWait
 .text.gfxSemSignal
                0x08002058       0x16 ugfx_2.7/src/gfx_mk.o
                0x08002058                gfxSemSignal
 .text.gfxSemSignalI
                0x0800206e       0x36 ugfx_2.7/src/gfx_mk.o
                0x0800206e                gfxSemSignalI
 .text.gfxSleepMilliseconds
                0x080020a4       0x46 ugfx_2.7/src/gfx_mk.o
                0x080020a4                gfxSleepMilliseconds
 *fill*         0x080020ea        0x2 
 .text._gfxGetStackState
                0x080020ec       0x28 ugfx_2.7/src/gfx_mk.o
                0x080020ec                _gfxGetStackState
 .text._gfxGetStackStateInFn
                0x08002114       0x24 ugfx_2.7/src/gfx_mk.o
                0x08002114                _gfxGetStackStateInFn
 .text._gfxThreadsInit
                0x08002138      0x188 ugfx_2.7/src/gfx_mk.o
 .text._gfxAdjustCxt
                0x080022c0       0xf4 ugfx_2.7/src/gfx_mk.o
 .text._gfxXSwitch
                0x080023b4       0x74 ugfx_2.7/src/gfx_mk.o
 .text.Qinit    0x08002428       0x22 ugfx_2.7/src/gfx_mk.o
 .text.Qadd     0x0800244a       0x42 ugfx_2.7/src/gfx_mk.o
 .text.Qpop     0x0800248c       0x30 ugfx_2.7/src/gfx_mk.o
 .text._gosThreadsInit
                0x080024bc       0x44 ugfx_2.7/src/gfx_mk.o
                0x080024bc                _gosThreadsInit
 .text.cleanUpDeadThreads
                0x08002500       0x28 ugfx_2.7/src/gfx_mk.o
 .text.gfxYield
                0x08002528       0x4c ugfx_2.7/src/gfx_mk.o
                0x08002528                gfxYield
 .text.gfxThreadExit
                0x08002574       0x70 ugfx_2.7/src/gfx_mk.o
                0x08002574                gfxThreadExit
 .text.gfxThreadCreate
                0x080025e4       0x88 ugfx_2.7/src/gfx_mk.o
                0x080025e4                gfxThreadCreate
 .text._gosHeapInit
                0x0800266c        0xe ugfx_2.7/src/gfx_mk.o
                0x0800266c                _gosHeapInit
 .text.gfxAlloc
                0x0800267a       0x18 ugfx_2.7/src/gfx_mk.o
                0x0800267a                gfxAlloc
 .text.gfxFree  0x08002692       0x16 ugfx_2.7/src/gfx_mk.o
                0x08002692                gfxFree
 .text._gdriverInit
                0x080026a8        0xe ugfx_2.7/src/gfx_mk.o
                0x080026a8                _gdriverInit
 *fill*         0x080026b6        0x2 
 .text.gdriverRegister
                0x080026b8       0xdc ugfx_2.7/src/gfx_mk.o
                0x080026b8                gdriverRegister
 .text.gdriverGetInstance
                0x08002794       0x54 ugfx_2.7/src/gfx_mk.o
                0x08002794                gdriverGetInstance
 .text.gdriverGetNext
                0x080027e8       0x4c ugfx_2.7/src/gfx_mk.o
                0x080027e8                gdriverGetNext
 .text._gqueueInit
                0x08002834        0xe ugfx_2.7/src/gfx_mk.o
                0x08002834                _gqueueInit
 .text.gfxQueueASyncInit
                0x08002842       0x22 ugfx_2.7/src/gfx_mk.o
                0x08002842                gfxQueueASyncInit
 .text.gfxQueueASyncPut
                0x08002864       0x22 ugfx_2.7/src/gfx_mk.o
                0x08002864                gfxQueueASyncPut
 .text.gfxQueueASyncPutI
                0x08002886       0x4a ugfx_2.7/src/gfx_mk.o
                0x08002886                gfxQueueASyncPutI
 .text.gfxQueueASyncRemove
                0x080028d0       0x22 ugfx_2.7/src/gfx_mk.o
                0x080028d0                gfxQueueASyncRemove
 .text.gfxQueueASyncRemoveI
                0x080028f2       0x80 ugfx_2.7/src/gfx_mk.o
                0x080028f2                gfxQueueASyncRemoveI
 .text.mf_render_character
                0x08002972       0x6e ugfx_2.7/src/gfx_mk.o
                0x08002972                mf_render_character
 .text.mf_character_width
                0x080029e0       0x40 ugfx_2.7/src/gfx_mk.o
                0x080029e0                mf_character_width
 .text.mf_get_font_list
                0x08002a20       0x14 ugfx_2.7/src/gfx_mk.o
                0x08002a20                mf_get_font_list
 .text.find_glyph
                0x08002a34       0x7e ugfx_2.7/src/gfx_mk.o
 .text.write_pixels
                0x08002ab2       0xc2 ugfx_2.7/src/gfx_mk.o
 .text.skip_pixels
                0x08002b74       0x76 ugfx_2.7/src/gfx_mk.o
 .text.write_rle_dictentry
                0x08002bea       0xf8 ugfx_2.7/src/gfx_mk.o
 .text.fillentry_bitcount
                0x08002ce2       0x4a ugfx_2.7/src/gfx_mk.o
 .text.write_bin_codeword
                0x08002d2c       0x84 ugfx_2.7/src/gfx_mk.o
 .text.write_ref_codeword
                0x08002db0       0x76 ugfx_2.7/src/gfx_mk.o
 .text.write_ref_dictentry
                0x08002e26       0x68 ugfx_2.7/src/gfx_mk.o
 .text.write_glyph_codeword
                0x08002e8e       0x50 ugfx_2.7/src/gfx_mk.o
 .text.mf_rlefont_render_character
                0x08002ede       0x9e ugfx_2.7/src/gfx_mk.o
                0x08002ede                mf_rlefont_render_character
 .text.mf_rlefont_character_width
                0x08002f7c       0x2e ugfx_2.7/src/gfx_mk.o
                0x08002f7c                mf_rlefont_character_width
 .text.mf_getchar
                0x08002faa       0x2e ugfx_2.7/src/gfx_mk.o
                0x08002faa                mf_getchar
 .text.mf_rewind
                0x08002fd8       0x1e ugfx_2.7/src/gfx_mk.o
                0x08002fd8                mf_rewind
 .text.mf_round_to_tab
                0x08002ff6       0x78 ugfx_2.7/src/gfx_mk.o
 .text.mf_round_to_prev_tab
                0x0800306e       0x78 ugfx_2.7/src/gfx_mk.o
 .text.mf_get_string_width
                0x080030e6       0x9c ugfx_2.7/src/gfx_mk.o
                0x080030e6                mf_get_string_width
 .text.strip_spaces
                0x08003182       0x96 ugfx_2.7/src/gfx_mk.o
 .text.render_left
                0x08003218       0x88 ugfx_2.7/src/gfx_mk.o
 .text.render_right
                0x080032a0       0xc4 ugfx_2.7/src/gfx_mk.o
 .text.mf_render_aligned
                0x08003364       0xc0 ugfx_2.7/src/gfx_mk.o
                0x08003364                mf_render_aligned
 .text.drawpixel
                0x08003424       0x16 ugfx_2.7/src/gfx_mk.o
 .text.drawpixel_clip
                0x0800343a       0x58 ugfx_2.7/src/gfx_mk.o
 .text.fillarea
                0x08003492       0x16 ugfx_2.7/src/gfx_mk.o
 .text.hline_clip
                0x080034a8       0xf4 ugfx_2.7/src/gfx_mk.o
 .text.vline_clip
                0x0800359c       0xf4 ugfx_2.7/src/gfx_mk.o
 .text.line_clip
                0x08003690      0x208 ugfx_2.7/src/gfx_mk.o
 .text._gdispInit
                0x08003898       0x20 ugfx_2.7/src/gfx_mk.o
                0x08003898                _gdispInit
 .text._gdispInitDriver
                0x080038b8       0x5c ugfx_2.7/src/gfx_mk.o
                0x080038b8                _gdispInitDriver
 .text._gdispPostInitDriver
                0x08003914       0x50 ugfx_2.7/src/gfx_mk.o
                0x08003914                _gdispPostInitDriver
 .text._gdispDeInitDriver
                0x08003964       0x2c ugfx_2.7/src/gfx_mk.o
                0x08003964                _gdispDeInitDriver
 .text.gdispGGetWidth
                0x08003990       0x1a ugfx_2.7/src/gfx_mk.o
                0x08003990                gdispGGetWidth
 .text.gdispGGetHeight
                0x080039aa       0x1a ugfx_2.7/src/gfx_mk.o
                0x080039aa                gdispGGetHeight
 .text.gdispGGetOrientation
                0x080039c4       0x18 ugfx_2.7/src/gfx_mk.o
                0x080039c4                gdispGGetOrientation
 .text.gdispGDrawLine
                0x080039dc       0x5a ugfx_2.7/src/gfx_mk.o
                0x080039dc                gdispGDrawLine
 .text.gdispGClear
                0x08003a36       0x58 ugfx_2.7/src/gfx_mk.o
                0x08003a36                gdispGClear
 .text.gdispGFillArea
                0x08003a8e      0x156 ugfx_2.7/src/gfx_mk.o
                0x08003a8e                gdispGFillArea
 .text.gdispGSetClip
                0x08003be4       0xfa ugfx_2.7/src/gfx_mk.o
                0x08003be4                gdispGSetClip
 .text.gdispGDrawCircle
                0x08003cde      0x2ae ugfx_2.7/src/gfx_mk.o
                0x08003cde                gdispGDrawCircle
 .text.gdispGFillCircle
                0x08003f8c      0x22a ugfx_2.7/src/gfx_mk.o
                0x08003f8c                gdispGFillCircle
 .text.gdispGControl
                0x080041b6       0xb4 ugfx_2.7/src/gfx_mk.o
                0x080041b6                gdispGControl
 .text.gdispGDrawBox
                0x0800426a      0x14c ugfx_2.7/src/gfx_mk.o
                0x0800426a                gdispGDrawBox
 .text.drawcharline
                0x080043b6       0xe8 ugfx_2.7/src/gfx_mk.o
 *fill*         0x0800449e        0x2 
 .text.drawcharglyph
                0x080044a0       0x40 ugfx_2.7/src/gfx_mk.o
 .text.fillcharglyph
                0x080044e0       0x40 ugfx_2.7/src/gfx_mk.o
 .text.gdispGDrawStringBox
                0x08004520      0x104 ugfx_2.7/src/gfx_mk.o
                0x08004520                gdispGDrawStringBox
 .text.gdispGFillStringBox
                0x08004624      0x238 ugfx_2.7/src/gfx_mk.o
                0x08004624                gdispGFillStringBox
 .text.gdispBlendColor
                0x0800485c       0xfa ugfx_2.7/src/gfx_mk.o
                0x0800485c                gdispBlendColor
 .text.matchfont
                0x08004956       0x8a ugfx_2.7/src/gfx_mk.o
 .text.gdispOpenFont
                0x080049e0       0x8c ugfx_2.7/src/gfx_mk.o
                0x080049e0                gdispOpenFont
 .text.gdispCloseFont
                0x08004a6c       0x28 ugfx_2.7/src/gfx_mk.o
                0x08004a6c                gdispCloseFont
 .text.doExitEvent
                0x08004a94       0x30 ugfx_2.7/src/gfx_mk.o
 .text.deleteAssignments
                0x08004ac4       0x64 ugfx_2.7/src/gfx_mk.o
 .text._geventInit
                0x08004b28       0x14 ugfx_2.7/src/gfx_mk.o
                0x08004b28                _geventInit
 .text.geventListenerInit
                0x08004b3c       0x30 ugfx_2.7/src/gfx_mk.o
                0x08004b3c                geventListenerInit
 .text.geventAttachSource
                0x08004b6c       0xb4 ugfx_2.7/src/gfx_mk.o
                0x08004b6c                geventAttachSource
 .text.geventEventWait
                0x08004c20       0x44 ugfx_2.7/src/gfx_mk.o
                0x08004c20                geventEventWait
 .text.geventRegisterCallback
                0x08004c64       0x50 ugfx_2.7/src/gfx_mk.o
                0x08004c64                geventRegisterCallback
 .text.geventGetSourceListener
                0x08004cb4       0x98 ugfx_2.7/src/gfx_mk.o
                0x08004cb4                geventGetSourceListener
 .text.geventGetEventBuffer
                0x08004d4c       0x50 ugfx_2.7/src/gfx_mk.o
                0x08004d4c                geventGetEventBuffer
 .text.geventSendEvent
                0x08004d9c       0x64 ugfx_2.7/src/gfx_mk.o
                0x08004d9c                geventSendEvent
 .text.geventDetachSourceListeners
                0x08004e00       0x28 ugfx_2.7/src/gfx_mk.o
                0x08004e00                geventDetachSourceListeners
 .text.GTimerThreadHandler
                0x08004e28      0x19c ugfx_2.7/src/gfx_mk.o
 .text._gtimerInit
                0x08004fc4       0x30 ugfx_2.7/src/gfx_mk.o
                0x08004fc4                _gtimerInit
 .text.gtimerStart
                0x08004ff4      0x154 ugfx_2.7/src/gfx_mk.o
                0x08004ff4                gtimerStart
 .text.gtimerIsActive
                0x08005148       0x26 ugfx_2.7/src/gfx_mk.o
                0x08005148                gtimerIsActive
 *fill*         0x0800516e        0x2 
 .text.gtimerJab
                0x08005170       0x38 ugfx_2.7/src/gfx_mk.o
                0x08005170                gtimerJab
 .text._gwinInit
                0x080051a8       0x14 ugfx_2.7/src/gfx_mk.o
                0x080051a8                _gwinInit
 .text._gwindowCreate
                0x080051bc       0xb8 ugfx_2.7/src/gfx_mk.o
                0x080051bc                _gwindowCreate
 .text._gwinDestroy
                0x08005274       0x98 ugfx_2.7/src/gfx_mk.o
                0x08005274                _gwinDestroy
 .text.gwinSetDefaultBgColor
                0x0800530c       0x20 ugfx_2.7/src/gfx_mk.o
                0x0800530c                gwinSetDefaultBgColor
 .text.gwinGetDefaultBgColor
                0x0800532c       0x18 ugfx_2.7/src/gfx_mk.o
                0x0800532c                gwinGetDefaultBgColor
 .text.gwinSetDefaultFont
                0x08005344       0x20 ugfx_2.7/src/gfx_mk.o
                0x08005344                gwinSetDefaultFont
 .text.gwinDestroy
                0x08005364       0x18 ugfx_2.7/src/gfx_mk.o
                0x08005364                gwinDestroy
 .text.gwidgetEvent
                0x0800537c      0x1e6 ugfx_2.7/src/gfx_mk.o
 *fill*         0x08005562        0x2 
 .text._gwidgetInit
                0x08005564       0x34 ugfx_2.7/src/gfx_mk.o
                0x08005564                _gwidgetInit
 .text._gwidgetCreate
                0x08005598       0xac ugfx_2.7/src/gfx_mk.o
                0x08005598                _gwidgetCreate
 .text._gwidgetDestroy
                0x08005644       0x44 ugfx_2.7/src/gfx_mk.o
                0x08005644                _gwidgetDestroy
 .text._gwidgetRedraw
                0x08005688       0x2c ugfx_2.7/src/gfx_mk.o
                0x08005688                _gwidgetRedraw
 .text._gwinSendEvent
                0x080056b4       0x50 ugfx_2.7/src/gfx_mk.o
                0x080056b4                _gwinSendEvent
 .text.gwinWidgetClearInit
                0x08005704       0x34 ugfx_2.7/src/gfx_mk.o
                0x08005704                gwinWidgetClearInit
 .text.gwinSetDefaultStyle
                0x08005738       0x7c ugfx_2.7/src/gfx_mk.o
                0x08005738                gwinSetDefaultStyle
 .text.gwinSetText
                0x080057b4       0xb4 ugfx_2.7/src/gfx_mk.o
                0x080057b4                gwinSetText
 .text.gwinGetText
                0x08005868       0x28 ugfx_2.7/src/gfx_mk.o
                0x08005868                gwinGetText
 .text.gwinSetStyle
                0x08005890       0x50 ugfx_2.7/src/gfx_mk.o
                0x08005890                gwinSetStyle
 .text.gwinAttachListener
                0x080058e0       0x20 ugfx_2.7/src/gfx_mk.o
                0x080058e0                gwinAttachListener
 .text._gwmInit
                0x08005900       0x38 ugfx_2.7/src/gfx_mk.o
                0x08005900                _gwmInit
 .text._gwinFlushRedraws
                0x08005938      0x1b8 ugfx_2.7/src/gfx_mk.o
                0x08005938                _gwinFlushRedraws
 .text._gwinUpdate
                0x08005af0       0x44 ugfx_2.7/src/gfx_mk.o
                0x08005af0                _gwinUpdate
 .text._gwinRippleVisibility
                0x08005b34       0xe4 ugfx_2.7/src/gfx_mk.o
                0x08005b34                _gwinRippleVisibility
 .text._gwinWMAdd
                0x08005c18       0x88 ugfx_2.7/src/gfx_mk.o
                0x08005c18                _gwinWMAdd
 .text.gwinRedraw
                0x08005ca0       0x44 ugfx_2.7/src/gfx_mk.o
                0x08005ca0                gwinRedraw
 .text.gwinSetVisible
                0x08005ce4       0x4c ugfx_2.7/src/gfx_mk.o
                0x08005ce4                gwinSetVisible
 .text.gwinGetNextWindow
                0x08005d30       0x28 ugfx_2.7/src/gfx_mk.o
                0x08005d30                gwinGetNextWindow
 .text.WM_Init  0x08005d58        0xe ugfx_2.7/src/gfx_mk.o
 .text.WM_DeInit
                0x08005d66        0xe ugfx_2.7/src/gfx_mk.o
 .text.WM_Add   0x08005d74       0x68 ugfx_2.7/src/gfx_mk.o
 .text.WM_Delete
                0x08005ddc       0x20 ugfx_2.7/src/gfx_mk.o
 .text.WM_Redraw
                0x08005dfc      0x23c ugfx_2.7/src/gfx_mk.o
 .text.WM_Size  0x08006038      0x2d8 ugfx_2.7/src/gfx_mk.o
 .text.WM_Move  0x08006310      0x32e ugfx_2.7/src/gfx_mk.o
 .text.WM_MinMax
                0x0800663e       0x18 ugfx_2.7/src/gfx_mk.o
 *fill*         0x08006656        0x2 
 .text.WM_Raise
                0x08006658       0xb4 ugfx_2.7/src/gfx_mk.o
 .text.ButtonMouseDown
                0x0800670c       0x2a ugfx_2.7/src/gfx_mk.o
 .text.ButtonMouseUp
                0x08006736       0x64 ugfx_2.7/src/gfx_mk.o
 *fill*         0x0800679a        0x2 
 .text.gwinGButtonCreate
                0x0800679c       0x40 ugfx_2.7/src/gfx_mk.o
                0x0800679c                gwinGButtonCreate
 .text.getButtonColors
                0x080067dc       0x42 ugfx_2.7/src/gfx_mk.o
 *fill*         0x0800681e        0x2 
 .text.gwinButtonDraw_Normal
                0x08006820      0x220 ugfx_2.7/src/gfx_mk.o
                0x08006820                gwinButtonDraw_Normal
 .text.SliderCalcPosFromDPos
                0x08006a40      0x122 ugfx_2.7/src/gfx_mk.o
 *fill*         0x08006b62        0x2 
 .text.SendSliderEvent
                0x08006b64       0xa0 ugfx_2.7/src/gfx_mk.o
 .text.SliderResetDisplayPos
                0x08006c04       0x8c ugfx_2.7/src/gfx_mk.o
 .text.SetDisplayPosFromMouse
                0x08006c90       0x92 ugfx_2.7/src/gfx_mk.o
 .text.SliderMouseUp
                0x08006d22       0x8c ugfx_2.7/src/gfx_mk.o
 .text.SliderMouseDown
                0x08006dae       0x38 ugfx_2.7/src/gfx_mk.o
 .text.SliderMouseMove
                0x08006de6       0x38 ugfx_2.7/src/gfx_mk.o
 *fill*         0x08006e1e        0x2 
 .text.gwinSliderDraw_Std
                0x08006e20      0x4e0 ugfx_2.7/src/gfx_mk.o
                0x08006e20                gwinSliderDraw_Std
 .text.SendCheckboxEvent
                0x08007300       0x64 ugfx_2.7/src/gfx_mk.o
 .text.CheckboxMouseDown
                0x08007364       0x30 ugfx_2.7/src/gfx_mk.o
 .text.getCheckboxColors
                0x08007394       0x42 ugfx_2.7/src/gfx_mk.o
 *fill*         0x080073d6        0x2 
 .text.gwinCheckboxDraw_CheckOnLeft
                0x080073d8      0x17c ugfx_2.7/src/gfx_mk.o
                0x080073d8                gwinCheckboxDraw_CheckOnLeft
 .text.SendRadioEvent
                0x08007554       0x58 ugfx_2.7/src/gfx_mk.o
 .text.RadioMouseDown
                0x080075ac       0x1e ugfx_2.7/src/gfx_mk.o
 *fill*         0x080075ca        0x2 
 .text.gwinRadioPress
                0x080075cc       0x68 ugfx_2.7/src/gfx_mk.o
                0x080075cc                gwinRadioPress
 .text.gwinRadioGetActive
                0x08007634       0x54 ugfx_2.7/src/gfx_mk.o
                0x08007634                gwinRadioGetActive
 .text.getDrawColors
                0x08007688       0x42 ugfx_2.7/src/gfx_mk.o
 *fill*         0x080076ca        0x2 
 .text.gwinRadioDraw_Radio
                0x080076cc      0x168 ugfx_2.7/src/gfx_mk.o
                0x080076cc                gwinRadioDraw_Radio
 .text._gcontainerInit
                0x08007834        0xe ugfx_2.7/src/gfx_mk.o
                0x08007834                _gcontainerInit
 .text._gcontainerDestroy
                0x08007842       0x2c ugfx_2.7/src/gfx_mk.o
                0x08007842                _gcontainerDestroy
 .text.gwinGetFirstChild
                0x0800786e       0x38 ugfx_2.7/src/gfx_mk.o
                0x0800786e                gwinGetFirstChild
 .text.gwinGetSibling
                0x080078a6       0x3e ugfx_2.7/src/gfx_mk.o
                0x080078a6                gwinGetSibling
 .text.ContainerBorderSize
                0x080078e4       0x26 ugfx_2.7/src/gfx_mk.o
 *fill*         0x0800790a        0x2 
 .text.gwinContainerDraw_Transparent
                0x0800790c       0x70 ugfx_2.7/src/gfx_mk.o
                0x0800790c                gwinContainerDraw_Transparent
 .text.gwinContainerDraw_Std
                0x0800797c       0x58 ugfx_2.7/src/gfx_mk.o
                0x0800797c                gwinContainerDraw_Std
 .text._ginputInit
                0x080079d4        0xc ugfx_2.7/src/gfx_mk.o
                0x080079d4                _ginputInit
 .text.CalibrationTransform
                0x080079e0       0xb6 ugfx_2.7/src/gfx_mk.o
 .text.SendMouseEvent
                0x08007a96      0x13c ugfx_2.7/src/gfx_mk.o
 *fill*         0x08007bd2        0x2 
 .text.GetMouseReading
                0x08007bd4      0x578 ugfx_2.7/src/gfx_mk.o
 .text.MousePoll
                0x0800814c       0x4c ugfx_2.7/src/gfx_mk.o
 .text.CalibrationCrossDraw
                0x08008198      0x362 ugfx_2.7/src/gfx_mk.o
 .text.CalibrationCrossClear
                0x080084fa       0x40 ugfx_2.7/src/gfx_mk.o
 .text.CalibrationCalculate
                0x0800853a      0x69c ugfx_2.7/src/gfx_mk.o
 *fill*         0x08008bd6        0x2 
 .text.CalibrateMouse
                0x08008bd8      0x494 ugfx_2.7/src/gfx_mk.o
 .text._gmouseInit
                0x0800906c       0x28 ugfx_2.7/src/gfx_mk.o
                0x0800906c                _gmouseInit
 .text._gmouseInitDriver
                0x08009094       0x74 ugfx_2.7/src/gfx_mk.o
                0x08009094                _gmouseInitDriver
 .text._gmousePostInitDriver
                0x08009108       0x72 ugfx_2.7/src/gfx_mk.o
                0x08009108                _gmousePostInitDriver
 .text._gmouseDeInitDriver
                0x0800917a       0x14 ugfx_2.7/src/gfx_mk.o
                0x0800917a                _gmouseDeInitDriver
 *fill*         0x0800918e        0x2 
 .text.ginputGetMouse
                0x08009190       0x2c ugfx_2.7/src/gfx_mk.o
                0x08009190                ginputGetMouse
 .text._gmouseWakeup
                0x080091bc       0x30 ugfx_2.7/src/gfx_mk.o
                0x080091bc                _gmouseWakeup
 .text.can_irq  0x080091ec      0x108 D:/Google_drive/_Dokumenti/SW4STM32/DISCO-F429ZI_uGFX/mbed/TARGET_DISCO_F429ZI/TOOLCHAIN_GCC_ARM/can_api.o
 .text.CAN1_SCE_IRQHandler
                0x080092f4        0xc D:/Google_drive/_Dokumenti/SW4STM32/DISCO-F429ZI_uGFX/mbed/TARGET_DISCO_F429ZI/TOOLCHAIN_GCC_ARM/can_api.o
                0x080092f4                CAN1_SCE_IRQHandler
 .text.CAN1_TX_IRQHandler
                0x08009300        0x4 D:/Google_drive/_Dokumenti/SW4STM32/DISCO-F429ZI_uGFX/mbed/TARGET_DISCO_F429ZI/TOOLCHAIN_GCC_ARM/can_api.o
                0x08009300                CAN1_TX_IRQHandler
 .text.CAN1_RX0_IRQHandler
                0x08009304        0x4 D:/Google_drive/_Dokumenti/SW4STM32/DISCO-F429ZI_uGFX/mbed/TARGET_DISCO_F429ZI/TOOLCHAIN_GCC_ARM/can_api.o
                0x08009304                CAN1_RX0_IRQHandler
 .text.CAN2_SCE_IRQHandler
                0x08009308        0xc D:/Google_drive/_Dokumenti/SW4STM32/DISCO-F429ZI_uGFX/mbed/TARGET_DISCO_F429ZI/TOOLCHAIN_GCC_ARM/can_api.o
                0x08009308                CAN2_SCE_IRQHandler
 .text.CAN2_TX_IRQHandler
                0x08009314        0x4 D:/Google_drive/_Dokumenti/SW4STM32/DISCO-F429ZI_uGFX/mbed/TARGET_DISCO_F429ZI/TOOLCHAIN_GCC_ARM/can_api.o
                0x08009314                CAN2_TX_IRQHandler
 .text.CAN2_RX0_IRQHandler
                0x08009318        0x4 D:/Google_drive/_Dokumenti/SW4STM32/DISCO-F429ZI_uGFX/mbed/TARGET_DISCO_F429ZI/TOOLCHAIN_GCC_ARM/can_api.o
                0x08009318                CAN2_RX0_IRQHandler
 .text.Set_GPIO_Clock
                0x0800931c      0x17c D:/Google_drive/_Dokumenti/SW4STM32/DISCO-F429ZI_uGFX/mbed/TARGET_DISCO_F429ZI/TOOLCHAIN_GCC_ARM/gpio_api.o
                0x0800931c                Set_GPIO_Clock
 .text.gpio_set
                0x08009498       0x2c D:/Google_drive/_Dokumenti/SW4STM32/DISCO-F429ZI_uGFX/mbed/TARGET_DISCO_F429ZI/TOOLCHAIN_GCC_ARM/gpio_api.o
                0x08009498                gpio_set
 .text.gpio_init
                0x080094c4       0x40 D:/Google_drive/_Dokumenti/SW4STM32/DISCO-F429ZI_uGFX/mbed/TARGET_DISCO_F429ZI/TOOLCHAIN_GCC_ARM/gpio_api.o
                0x080094c4                gpio_init
 .text.gpio_mode
                0x08009504        0x8 D:/Google_drive/_Dokumenti/SW4STM32/DISCO-F429ZI_uGFX/mbed/TARGET_DISCO_F429ZI/TOOLCHAIN_GCC_ARM/gpio_api.o
                0x08009504                gpio_mode
 .text.gpio_dir
                0x0800950c       0x52 D:/Google_drive/_Dokumenti/SW4STM32/DISCO-F429ZI_uGFX/mbed/TARGET_DISCO_F429ZI/TOOLCHAIN_GCC_ARM/gpio_api.o
                0x0800950c                gpio_dir
 .text.HAL_InitPre
                0x0800955e        0xc D:/Google_drive/_Dokumenti/SW4STM32/DISCO-F429ZI_uGFX/mbed/TARGET_DISCO_F429ZI/TOOLCHAIN_GCC_ARM/hal_init_pre.o
                0x0800955e                HAL_InitPre
 *fill*         0x0800956a        0x2 
 .text.timer_irq_handler
                0x0800956c       0x58 D:/Google_drive/_Dokumenti/SW4STM32/DISCO-F429ZI_uGFX/mbed/TARGET_DISCO_F429ZI/TOOLCHAIN_GCC_ARM/hal_tick_32b.o
                0x0800956c                timer_irq_handler
 .text.HAL_InitTick
                0x080095c4       0xc8 D:/Google_drive/_Dokumenti/SW4STM32/DISCO-F429ZI_uGFX/mbed/TARGET_DISCO_F429ZI/TOOLCHAIN_GCC_ARM/hal_tick_32b.o
                0x080095c4                HAL_InitTick
 .text.mbed_die
                0x0800968c       0x2c D:/Google_drive/_Dokumenti/SW4STM32/DISCO-F429ZI_uGFX/mbed/TARGET_DISCO_F429ZI/TOOLCHAIN_GCC_ARM/mbed_board.o
                0x0800968c                mbed_die
 .text.mbed_error_vfprintf
                0x080096b8       0x54 D:/Google_drive/_Dokumenti/SW4STM32/DISCO-F429ZI_uGFX/mbed/TARGET_DISCO_F429ZI/TOOLCHAIN_GCC_ARM/mbed_board.o
                0x080096b8                mbed_error_vfprintf
 .text.mbed_error_printf
                0x0800970c       0x1a D:/Google_drive/_Dokumenti/SW4STM32/DISCO-F429ZI_uGFX/mbed/TARGET_DISCO_F429ZI/TOOLCHAIN_GCC_ARM/mbed_board.o
                0x0800970c                mbed_error_printf
 .text.mbed_sdk_init
                0x08009726       0x16 D:/Google_drive/_Dokumenti/SW4STM32/DISCO-F429ZI_uGFX/mbed/TARGET_DISCO_F429ZI/TOOLCHAIN_GCC_ARM/mbed_overrides.o
                0x08009726                mbed_sdk_init
 .text._ZL11init_serialv
                0x0800973c       0x2c D:/Google_drive/_Dokumenti/SW4STM32/DISCO-F429ZI_uGFX/mbed/TARGET_DISCO_F429ZI/TOOLCHAIN_GCC_ARM/mbed_retarget.o
 .text._close   0x08009768       0x40 D:/Google_drive/_Dokumenti/SW4STM32/DISCO-F429ZI_uGFX/mbed/TARGET_DISCO_F429ZI/TOOLCHAIN_GCC_ARM/mbed_retarget.o
                0x08009768                _close
 .text._write   0x080097a8       0x64 D:/Google_drive/_Dokumenti/SW4STM32/DISCO-F429ZI_uGFX/mbed/TARGET_DISCO_F429ZI/TOOLCHAIN_GCC_ARM/mbed_retarget.o
                0x080097a8                _write
 .text._read    0x0800980c       0x58 D:/Google_drive/_Dokumenti/SW4STM32/DISCO-F429ZI_uGFX/mbed/TARGET_DISCO_F429ZI/TOOLCHAIN_GCC_ARM/mbed_retarget.o
                0x0800980c                _read
 .text._lseek   0x08009864       0x44 D:/Google_drive/_Dokumenti/SW4STM32/DISCO-F429ZI_uGFX/mbed/TARGET_DISCO_F429ZI/TOOLCHAIN_GCC_ARM/mbed_retarget.o
                0x08009864                _lseek
 .text._sbrk    0x080098a8       0x44 D:/Google_drive/_Dokumenti/SW4STM32/DISCO-F429ZI_uGFX/mbed/TARGET_DISCO_F429ZI/TOOLCHAIN_GCC_ARM/mbed_retarget.o
                0x080098a8                _sbrk
 .text._exit    0x080098ec       0x24 D:/Google_drive/_Dokumenti/SW4STM32/DISCO-F429ZI_uGFX/mbed/TARGET_DISCO_F429ZI/TOOLCHAIN_GCC_ARM/mbed_retarget.o
                0x080098ec                _exit
 .text.__rtos_malloc_lock
                0x08009910        0x2 D:/Google_drive/_Dokumenti/SW4STM32/DISCO-F429ZI_uGFX/mbed/TARGET_DISCO_F429ZI/TOOLCHAIN_GCC_ARM/mbed_retarget.o
                0x08009910                __rtos_malloc_lock
 .text.__rtos_malloc_unlock
                0x08009912        0x2 D:/Google_drive/_Dokumenti/SW4STM32/DISCO-F429ZI_uGFX/mbed/TARGET_DISCO_F429ZI/TOOLCHAIN_GCC_ARM/mbed_retarget.o
                0x08009912                __rtos_malloc_unlock
 .text.__malloc_lock
                0x08009914        0x8 D:/Google_drive/_Dokumenti/SW4STM32/DISCO-F429ZI_uGFX/mbed/TARGET_DISCO_F429ZI/TOOLCHAIN_GCC_ARM/mbed_retarget.o
                0x08009914                __malloc_lock
 .text.__malloc_unlock
                0x0800991c        0x8 D:/Google_drive/_Dokumenti/SW4STM32/DISCO-F429ZI_uGFX/mbed/TARGET_DISCO_F429ZI/TOOLCHAIN_GCC_ARM/mbed_retarget.o
                0x0800991c                __malloc_unlock
 .text.software_init_hook_rtos
                0x08009924        0x2 D:/Google_drive/_Dokumenti/SW4STM32/DISCO-F429ZI_uGFX/mbed/TARGET_DISCO_F429ZI/TOOLCHAIN_GCC_ARM/mbed_sdk_boot.o
                0x08009924                software_init_hook_rtos
 *fill*         0x08009926        0x2 
 .text.mbed_copy_nvic
                0x08009928       0x2c D:/Google_drive/_Dokumenti/SW4STM32/DISCO-F429ZI_uGFX/mbed/TARGET_DISCO_F429ZI/TOOLCHAIN_GCC_ARM/mbed_sdk_boot.o
                0x08009928                mbed_copy_nvic
 .text.software_init_hook
                0x08009954       0x10 D:/Google_drive/_Dokumenti/SW4STM32/DISCO-F429ZI_uGFX/mbed/TARGET_DISCO_F429ZI/TOOLCHAIN_GCC_ARM/mbed_sdk_boot.o
                0x08009954                software_init_hook
 .text.LL_GPIO_SetPinPull
                0x08009964       0x2c D:/Google_drive/_Dokumenti/SW4STM32/DISCO-F429ZI_uGFX/mbed/TARGET_DISCO_F429ZI/TOOLCHAIN_GCC_ARM/pinmap.o
 .text.stm_pin_PullConfig
                0x08009990        0xe D:/Google_drive/_Dokumenti/SW4STM32/DISCO-F429ZI_uGFX/mbed/TARGET_DISCO_F429ZI/TOOLCHAIN_GCC_ARM/pinmap.o
 *fill*         0x0800999e        0x2 
 .text.pin_function
                0x080099a0      0x130 D:/Google_drive/_Dokumenti/SW4STM32/DISCO-F429ZI_uGFX/mbed/TARGET_DISCO_F429ZI/TOOLCHAIN_GCC_ARM/pinmap.o
                0x080099a0                pin_function
 .text.pin_mode
                0x08009ad0       0x88 D:/Google_drive/_Dokumenti/SW4STM32/DISCO-F429ZI_uGFX/mbed/TARGET_DISCO_F429ZI/TOOLCHAIN_GCC_ARM/pinmap.o
                0x08009ad0                pin_mode
 .text.init_uart
                0x08009b58       0x64 D:/Google_drive/_Dokumenti/SW4STM32/DISCO-F429ZI_uGFX/mbed/TARGET_DISCO_F429ZI/TOOLCHAIN_GCC_ARM/serial_api.o
                0x08009b58                init_uart
 .text.serial_readable
                0x08009bbc       0x2c D:/Google_drive/_Dokumenti/SW4STM32/DISCO-F429ZI_uGFX/mbed/TARGET_DISCO_F429ZI/TOOLCHAIN_GCC_ARM/serial_api.o
                0x08009bbc                serial_readable
 .text.serial_writable
                0x08009be8       0x14 D:/Google_drive/_Dokumenti/SW4STM32/DISCO-F429ZI_uGFX/mbed/TARGET_DISCO_F429ZI/TOOLCHAIN_GCC_ARM/serial_api.o
                0x08009be8                serial_writable
 .text.serial_init
                0x08009bfc      0x268 D:/Google_drive/_Dokumenti/SW4STM32/DISCO-F429ZI_uGFX/mbed/TARGET_DISCO_F429ZI/TOOLCHAIN_GCC_ARM/serial_device.o
                0x08009bfc                serial_init
 .text.serial_baud
                0x08009e64        0x6 D:/Google_drive/_Dokumenti/SW4STM32/DISCO-F429ZI_uGFX/mbed/TARGET_DISCO_F429ZI/TOOLCHAIN_GCC_ARM/serial_device.o
                0x08009e64                serial_baud
 *fill*         0x08009e6a        0x2 
 .text.serial_getc
                0x08009e6c       0x24 D:/Google_drive/_Dokumenti/SW4STM32/DISCO-F429ZI_uGFX/mbed/TARGET_DISCO_F429ZI/TOOLCHAIN_GCC_ARM/serial_device.o
                0x08009e6c                serial_getc
 .text.serial_putc
                0x08009e90       0x24 D:/Google_drive/_Dokumenti/SW4STM32/DISCO-F429ZI_uGFX/mbed/TARGET_DISCO_F429ZI/TOOLCHAIN_GCC_ARM/serial_device.o
                0x08009e90                serial_putc
 .text.Reset_Handler
                0x08009eb4       0x3c D:/Google_drive/_Dokumenti/SW4STM32/DISCO-F429ZI_uGFX/mbed/TARGET_DISCO_F429ZI/TOOLCHAIN_GCC_ARM/startup_stm32f429xx.o
                0x08009eb4                Reset_Handler
 .text.Default_Handler
                0x08009ef0        0x2 D:/Google_drive/_Dokumenti/SW4STM32/DISCO-F429ZI_uGFX/mbed/TARGET_DISCO_F429ZI/TOOLCHAIN_GCC_ARM/startup_stm32f429xx.o
                0x08009ef0                RTC_Alarm_IRQHandler
                0x08009ef0                HASH_RNG_IRQHandler
                0x08009ef0                EXTI2_IRQHandler
                0x08009ef0                TIM8_CC_IRQHandler
                0x08009ef0                DebugMon_Handler
                0x08009ef0                UART8_IRQHandler
                0x08009ef0                SPI4_IRQHandler
                0x08009ef0                TIM1_CC_IRQHandler
                0x08009ef0                DMA2_Stream5_IRQHandler
                0x08009ef0                HardFault_Handler
                0x08009ef0                DMA1_Stream5_IRQHandler
                0x08009ef0                SysTick_Handler
                0x08009ef0                PVD_IRQHandler
                0x08009ef0                SDIO_IRQHandler
                0x08009ef0                TAMP_STAMP_IRQHandler
                0x08009ef0                PendSV_Handler
                0x08009ef0                NMI_Handler
                0x08009ef0                CAN2_RX1_IRQHandler
                0x08009ef0                EXTI3_IRQHandler
                0x08009ef0                TIM8_TRG_COM_TIM14_IRQHandler
                0x08009ef0                TIM1_UP_TIM10_IRQHandler
                0x08009ef0                TIM8_UP_TIM13_IRQHandler
                0x08009ef0                I2C3_ER_IRQHandler
                0x08009ef0                EXTI0_IRQHandler
                0x08009ef0                I2C2_EV_IRQHandler
                0x08009ef0                DMA1_Stream2_IRQHandler
                0x08009ef0                FPU_IRQHandler
                0x08009ef0                OTG_HS_WKUP_IRQHandler
                0x08009ef0                UsageFault_Handler
                0x08009ef0                LTDC_ER_IRQHandler
                0x08009ef0                DMA2_Stream2_IRQHandler
                0x08009ef0                SPI1_IRQHandler
                0x08009ef0                TIM6_DAC_IRQHandler
                0x08009ef0                TIM1_BRK_TIM9_IRQHandler
                0x08009ef0                DCMI_IRQHandler
                0x08009ef0                DMA2_Stream3_IRQHandler
                0x08009ef0                USART6_IRQHandler
                0x08009ef0                USART3_IRQHandler
                0x08009ef0                CAN1_RX1_IRQHandler
                0x08009ef0                UART5_IRQHandler
                0x08009ef0                DMA2_Stream0_IRQHandler
                0x08009ef0                TIM4_IRQHandler
                0x08009ef0                I2C1_EV_IRQHandler
                0x08009ef0                DMA1_Stream6_IRQHandler
                0x08009ef0                DMA1_Stream1_IRQHandler
                0x08009ef0                UART4_IRQHandler
                0x08009ef0                TIM3_IRQHandler
                0x08009ef0                RCC_IRQHandler
                0x08009ef0                TIM8_BRK_TIM12_IRQHandler
                0x08009ef0                Default_Handler
                0x08009ef0                EXTI15_10_IRQHandler
                0x08009ef0                ADC_IRQHandler
                0x08009ef0                DMA1_Stream7_IRQHandler
                0x08009ef0                SPI5_IRQHandler
                0x08009ef0                TIM7_IRQHandler
                0x08009ef0                TIM5_IRQHandler
                0x08009ef0                DMA2_Stream7_IRQHandler
                0x08009ef0                I2C3_EV_IRQHandler
                0x08009ef0                EXTI9_5_IRQHandler
                0x08009ef0                RTC_WKUP_IRQHandler
                0x08009ef0                LTDC_IRQHandler
                0x08009ef0                ETH_WKUP_IRQHandler
                0x08009ef0                SPI2_IRQHandler
                0x08009ef0                OTG_HS_EP1_IN_IRQHandler
                0x08009ef0                MemManage_Handler
                0x08009ef0                DMA1_Stream0_IRQHandler
                0x08009ef0                SVC_Handler
                0x08009ef0                EXTI4_IRQHandler
                0x08009ef0                ETH_IRQHandler
                0x08009ef0                OTG_HS_EP1_OUT_IRQHandler
                0x08009ef0                WWDG_IRQHandler
                0x08009ef0                SPI6_IRQHandler
                0x08009ef0                TIM2_IRQHandler
                0x08009ef0                OTG_FS_WKUP_IRQHandler
                0x08009ef0                TIM1_TRG_COM_TIM11_IRQHandler
                0x08009ef0                OTG_HS_IRQHandler
                0x08009ef0                DMA2D_IRQHandler
                0x08009ef0                EXTI1_IRQHandler
                0x08009ef0                UART7_IRQHandler
                0x08009ef0                USART2_IRQHandler
                0x08009ef0                I2C2_ER_IRQHandler
                0x08009ef0                DMA2_Stream1_IRQHandler
                0x08009ef0                FLASH_IRQHandler
                0x08009ef0                DMA2_Stream4_IRQHandler
                0x08009ef0                BusFault_Handler
                0x08009ef0                USART1_IRQHandler
                0x08009ef0                OTG_FS_IRQHandler
                0x08009ef0                SPI3_IRQHandler
                0x08009ef0                DMA1_Stream4_IRQHandler
                0x08009ef0                I2C1_ER_IRQHandler
                0x08009ef0                FMC_IRQHandler
                0x08009ef0                DMA2_Stream6_IRQHandler
                0x08009ef0                SAI1_IRQHandler
                0x08009ef0                DMA1_Stream3_IRQHandler
 *fill*         0x08009ef2        0x2 
 .text.HAL_Init
                0x08009ef4       0x30 D:/Google_drive/_Dokumenti/SW4STM32/DISCO-F429ZI_uGFX/mbed/TARGET_DISCO_F429ZI/TOOLCHAIN_GCC_ARM/stm32f4xx_hal.o
                0x08009ef4                HAL_Init
 .text.HAL_IncTick
                0x08009f24       0x10 D:/Google_drive/_Dokumenti/SW4STM32/DISCO-F429ZI_uGFX/mbed/TARGET_DISCO_F429ZI/TOOLCHAIN_GCC_ARM/stm32f4xx_hal.o
                0x08009f24                HAL_IncTick
 .text.HAL_GetTick
                0x08009f34        0xc D:/Google_drive/_Dokumenti/SW4STM32/DISCO-F429ZI_uGFX/mbed/TARGET_DISCO_F429ZI/TOOLCHAIN_GCC_ARM/stm32f4xx_hal.o
                0x08009f34                HAL_GetTick
 .text.HAL_NVIC_SetPriorityGrouping
                0x08009f40       0x24 D:/Google_drive/_Dokumenti/SW4STM32/DISCO-F429ZI_uGFX/mbed/TARGET_DISCO_F429ZI/TOOLCHAIN_GCC_ARM/stm32f4xx_hal_cortex.o
                0x08009f40                HAL_NVIC_SetPriorityGrouping
 .text.HAL_NVIC_SetPriority
                0x08009f64       0x68 D:/Google_drive/_Dokumenti/SW4STM32/DISCO-F429ZI_uGFX/mbed/TARGET_DISCO_F429ZI/TOOLCHAIN_GCC_ARM/stm32f4xx_hal_cortex.o
                0x08009f64                HAL_NVIC_SetPriority
 .text.HAL_NVIC_EnableIRQ
                0x08009fcc       0x1c D:/Google_drive/_Dokumenti/SW4STM32/DISCO-F429ZI_uGFX/mbed/TARGET_DISCO_F429ZI/TOOLCHAIN_GCC_ARM/stm32f4xx_hal_cortex.o
                0x08009fcc                HAL_NVIC_EnableIRQ
 .text.DMA_CalcBaseAndBitshift
                0x08009fe8       0x2c D:/Google_drive/_Dokumenti/SW4STM32/DISCO-F429ZI_uGFX/mbed/TARGET_DISCO_F429ZI/TOOLCHAIN_GCC_ARM/stm32f4xx_hal_dma.o
 .text.HAL_DMA_Init
                0x0800a014       0xfc D:/Google_drive/_Dokumenti/SW4STM32/DISCO-F429ZI_uGFX/mbed/TARGET_DISCO_F429ZI/TOOLCHAIN_GCC_ARM/stm32f4xx_hal_dma.o
                0x0800a014                HAL_DMA_Init
 .text.HAL_DMA_DeInit
                0x0800a110       0x48 D:/Google_drive/_Dokumenti/SW4STM32/DISCO-F429ZI_uGFX/mbed/TARGET_DISCO_F429ZI/TOOLCHAIN_GCC_ARM/stm32f4xx_hal_dma.o
                0x0800a110                HAL_DMA_DeInit
 .text.HAL_GPIO_Init
                0x0800a158      0x1d8 D:/Google_drive/_Dokumenti/SW4STM32/DISCO-F429ZI_uGFX/mbed/TARGET_DISCO_F429ZI/TOOLCHAIN_GCC_ARM/stm32f4xx_hal_gpio.o
                0x0800a158                HAL_GPIO_Init
 .text.HAL_GPIO_WritePin
                0x0800a330        0xa D:/Google_drive/_Dokumenti/SW4STM32/DISCO-F429ZI_uGFX/mbed/TARGET_DISCO_F429ZI/TOOLCHAIN_GCC_ARM/stm32f4xx_hal_gpio.o
                0x0800a330                HAL_GPIO_WritePin
 .text.I2C_IsAcknowledgeFailed
                0x0800a33a       0x2a D:/Google_drive/_Dokumenti/SW4STM32/DISCO-F429ZI_uGFX/mbed/TARGET_DISCO_F429ZI/TOOLCHAIN_GCC_ARM/stm32f4xx_hal_i2c.o
 .text.I2C_WaitOnMasterAddressFlagUntilTimeout
                0x0800a364       0x80 D:/Google_drive/_Dokumenti/SW4STM32/DISCO-F429ZI_uGFX/mbed/TARGET_DISCO_F429ZI/TOOLCHAIN_GCC_ARM/stm32f4xx_hal_i2c.o
 .text.I2C_WaitOnFlagUntilTimeout
                0x0800a3e4       0x5c D:/Google_drive/_Dokumenti/SW4STM32/DISCO-F429ZI_uGFX/mbed/TARGET_DISCO_F429ZI/TOOLCHAIN_GCC_ARM/stm32f4xx_hal_i2c.o
 .text.I2C_WaitOnTXEFlagUntilTimeout
                0x0800a440       0x4c D:/Google_drive/_Dokumenti/SW4STM32/DISCO-F429ZI_uGFX/mbed/TARGET_DISCO_F429ZI/TOOLCHAIN_GCC_ARM/stm32f4xx_hal_i2c.o
 .text.I2C_RequestMemoryWrite
                0x0800a48c       0xa4 D:/Google_drive/_Dokumenti/SW4STM32/DISCO-F429ZI_uGFX/mbed/TARGET_DISCO_F429ZI/TOOLCHAIN_GCC_ARM/stm32f4xx_hal_i2c.o
 .text.I2C_WaitOnRXNEFlagUntilTimeout
                0x0800a530       0x5a D:/Google_drive/_Dokumenti/SW4STM32/DISCO-F429ZI_uGFX/mbed/TARGET_DISCO_F429ZI/TOOLCHAIN_GCC_ARM/stm32f4xx_hal_i2c.o
 .text.I2C_WaitOnBTFFlagUntilTimeout
                0x0800a58a       0x4c D:/Google_drive/_Dokumenti/SW4STM32/DISCO-F429ZI_uGFX/mbed/TARGET_DISCO_F429ZI/TOOLCHAIN_GCC_ARM/stm32f4xx_hal_i2c.o
 .text.HAL_I2C_MspInit
                0x0800a5d6        0x2 D:/Google_drive/_Dokumenti/SW4STM32/DISCO-F429ZI_uGFX/mbed/TARGET_DISCO_F429ZI/TOOLCHAIN_GCC_ARM/stm32f4xx_hal_i2c.o
                0x0800a5d6                HAL_I2C_MspInit
 .text.HAL_I2C_Init
                0x0800a5d8       0xdc D:/Google_drive/_Dokumenti/SW4STM32/DISCO-F429ZI_uGFX/mbed/TARGET_DISCO_F429ZI/TOOLCHAIN_GCC_ARM/stm32f4xx_hal_i2c.o
                0x0800a5d8                HAL_I2C_Init
 .text.HAL_I2C_Master_Transmit
                0x0800a6b4      0x1ac D:/Google_drive/_Dokumenti/SW4STM32/DISCO-F429ZI_uGFX/mbed/TARGET_DISCO_F429ZI/TOOLCHAIN_GCC_ARM/stm32f4xx_hal_i2c.o
                0x0800a6b4                HAL_I2C_Master_Transmit
 .text.HAL_I2C_Master_Receive
                0x0800a860      0x2ec D:/Google_drive/_Dokumenti/SW4STM32/DISCO-F429ZI_uGFX/mbed/TARGET_DISCO_F429ZI/TOOLCHAIN_GCC_ARM/stm32f4xx_hal_i2c.o
                0x0800a860                HAL_I2C_Master_Receive
 .text.HAL_I2C_Mem_Write
                0x0800ab4c      0x12c D:/Google_drive/_Dokumenti/SW4STM32/DISCO-F429ZI_uGFX/mbed/TARGET_DISCO_F429ZI/TOOLCHAIN_GCC_ARM/stm32f4xx_hal_i2c.o
                0x0800ab4c                HAL_I2C_Mem_Write
 .text.HAL_MspInit
                0x0800ac78        0x2 D:/Google_drive/_Dokumenti/SW4STM32/DISCO-F429ZI_uGFX/mbed/TARGET_DISCO_F429ZI/TOOLCHAIN_GCC_ARM/stm32f4xx_hal_msp_template.o
                0x0800ac78                HAL_MspInit
 *fill*         0x0800ac7a        0x2 
 .text.HAL_PWREx_EnableOverDrive
                0x0800ac7c       0x98 D:/Google_drive/_Dokumenti/SW4STM32/DISCO-F429ZI_uGFX/mbed/TARGET_DISCO_F429ZI/TOOLCHAIN_GCC_ARM/stm32f4xx_hal_pwr_ex.o
                0x0800ac7c                HAL_PWREx_EnableOverDrive
 .text.HAL_RCC_OscConfig
                0x0800ad14      0x328 D:/Google_drive/_Dokumenti/SW4STM32/DISCO-F429ZI_uGFX/mbed/TARGET_DISCO_F429ZI/TOOLCHAIN_GCC_ARM/stm32f4xx_hal_rcc.o
                0x0800ad14                HAL_RCC_OscConfig
 .text.HAL_RCC_GetSysClockFreq
                0x0800b03c       0x74 D:/Google_drive/_Dokumenti/SW4STM32/DISCO-F429ZI_uGFX/mbed/TARGET_DISCO_F429ZI/TOOLCHAIN_GCC_ARM/stm32f4xx_hal_rcc.o
                0x0800b03c                HAL_RCC_GetSysClockFreq
 .text.HAL_RCC_ClockConfig
                0x0800b0b0      0x16c D:/Google_drive/_Dokumenti/SW4STM32/DISCO-F429ZI_uGFX/mbed/TARGET_DISCO_F429ZI/TOOLCHAIN_GCC_ARM/stm32f4xx_hal_rcc.o
                0x0800b0b0                HAL_RCC_ClockConfig
 .text.HAL_RCC_GetPCLK1Freq
                0x0800b21c       0x30 D:/Google_drive/_Dokumenti/SW4STM32/DISCO-F429ZI_uGFX/mbed/TARGET_DISCO_F429ZI/TOOLCHAIN_GCC_ARM/stm32f4xx_hal_rcc.o
                0x0800b21c                HAL_RCC_GetPCLK1Freq
 .text.HAL_RCC_GetPCLK2Freq
                0x0800b24c       0x30 D:/Google_drive/_Dokumenti/SW4STM32/DISCO-F429ZI_uGFX/mbed/TARGET_DISCO_F429ZI/TOOLCHAIN_GCC_ARM/stm32f4xx_hal_rcc.o
                0x0800b24c                HAL_RCC_GetPCLK2Freq
 .text.HAL_RCC_GetClockConfig
                0x0800b27c       0x3c D:/Google_drive/_Dokumenti/SW4STM32/DISCO-F429ZI_uGFX/mbed/TARGET_DISCO_F429ZI/TOOLCHAIN_GCC_ARM/stm32f4xx_hal_rcc.o
                0x0800b27c                HAL_RCC_GetClockConfig
 .text.HAL_RCCEx_PeriphCLKConfig
                0x0800b2b8      0x2c8 D:/Google_drive/_Dokumenti/SW4STM32/DISCO-F429ZI_uGFX/mbed/TARGET_DISCO_F429ZI/TOOLCHAIN_GCC_ARM/stm32f4xx_hal_rcc_ex.o
                0x0800b2b8                HAL_RCCEx_PeriphCLKConfig
 .text.HAL_SDRAM_MspInit
                0x0800b580        0x2 D:/Google_drive/_Dokumenti/SW4STM32/DISCO-F429ZI_uGFX/mbed/TARGET_DISCO_F429ZI/TOOLCHAIN_GCC_ARM/stm32f4xx_hal_sdram.o
                0x0800b580                HAL_SDRAM_MspInit
 .text.HAL_SDRAM_Init
                0x0800b582       0x40 D:/Google_drive/_Dokumenti/SW4STM32/DISCO-F429ZI_uGFX/mbed/TARGET_DISCO_F429ZI/TOOLCHAIN_GCC_ARM/stm32f4xx_hal_sdram.o
                0x0800b582                HAL_SDRAM_Init
 .text.HAL_SDRAM_SendCommand
                0x0800b5c2       0x2e D:/Google_drive/_Dokumenti/SW4STM32/DISCO-F429ZI_uGFX/mbed/TARGET_DISCO_F429ZI/TOOLCHAIN_GCC_ARM/stm32f4xx_hal_sdram.o
                0x0800b5c2                HAL_SDRAM_SendCommand
 .text.HAL_SDRAM_ProgramRefreshRate
                0x0800b5f0       0x24 D:/Google_drive/_Dokumenti/SW4STM32/DISCO-F429ZI_uGFX/mbed/TARGET_DISCO_F429ZI/TOOLCHAIN_GCC_ARM/stm32f4xx_hal_sdram.o
                0x0800b5f0                HAL_SDRAM_ProgramRefreshRate
 .text.SPI_WaitFlagStateUntilTimeout.part.1
                0x0800b614       0x54 D:/Google_drive/_Dokumenti/SW4STM32/DISCO-F429ZI_uGFX/mbed/TARGET_DISCO_F429ZI/TOOLCHAIN_GCC_ARM/stm32f4xx_hal_spi.o
 .text.SPI_WaitTXEFlagStateUntilTimeout
                0x0800b668       0x30 D:/Google_drive/_Dokumenti/SW4STM32/DISCO-F429ZI_uGFX/mbed/TARGET_DISCO_F429ZI/TOOLCHAIN_GCC_ARM/stm32f4xx_hal_spi.o
 .text.SPI_WaitFlagStateUntilTimeout
                0x0800b698       0x3e D:/Google_drive/_Dokumenti/SW4STM32/DISCO-F429ZI_uGFX/mbed/TARGET_DISCO_F429ZI/TOOLCHAIN_GCC_ARM/stm32f4xx_hal_spi.o
 .text.SPI_CheckFlag_BSY
                0x0800b6d6       0x20 D:/Google_drive/_Dokumenti/SW4STM32/DISCO-F429ZI_uGFX/mbed/TARGET_DISCO_F429ZI/TOOLCHAIN_GCC_ARM/stm32f4xx_hal_spi.o
 .text.HAL_SPI_MspInit
                0x0800b6f6        0x2 D:/Google_drive/_Dokumenti/SW4STM32/DISCO-F429ZI_uGFX/mbed/TARGET_DISCO_F429ZI/TOOLCHAIN_GCC_ARM/stm32f4xx_hal_spi.o
                0x0800b6f6                HAL_SPI_MspInit
 .text.HAL_SPI_Init
                0x0800b6f8       0x84 D:/Google_drive/_Dokumenti/SW4STM32/DISCO-F429ZI_uGFX/mbed/TARGET_DISCO_F429ZI/TOOLCHAIN_GCC_ARM/stm32f4xx_hal_spi.o
                0x0800b6f8                HAL_SPI_Init
 .text.HAL_SPI_Transmit
                0x0800b77c      0x18e D:/Google_drive/_Dokumenti/SW4STM32/DISCO-F429ZI_uGFX/mbed/TARGET_DISCO_F429ZI/TOOLCHAIN_GCC_ARM/stm32f4xx_hal_spi.o
                0x0800b77c                HAL_SPI_Transmit
 .text.HAL_SPI_GetState
                0x0800b90a        0x6 D:/Google_drive/_Dokumenti/SW4STM32/DISCO-F429ZI_uGFX/mbed/TARGET_DISCO_F429ZI/TOOLCHAIN_GCC_ARM/stm32f4xx_hal_spi.o
                0x0800b90a                HAL_SPI_GetState
 .text.HAL_TIM_OC_MspInit
                0x0800b910        0x2 D:/Google_drive/_Dokumenti/SW4STM32/DISCO-F429ZI_uGFX/mbed/TARGET_DISCO_F429ZI/TOOLCHAIN_GCC_ARM/stm32f4xx_hal_tim.o
                0x0800b910                HAL_TIM_OC_MspInit
 *fill*         0x0800b912        0x2 
 .text.TIM_Base_SetConfig
                0x0800b914       0xc8 D:/Google_drive/_Dokumenti/SW4STM32/DISCO-F429ZI_uGFX/mbed/TARGET_DISCO_F429ZI/TOOLCHAIN_GCC_ARM/stm32f4xx_hal_tim.o
                0x0800b914                TIM_Base_SetConfig
 .text.HAL_TIM_OC_Init
                0x0800b9dc       0x34 D:/Google_drive/_Dokumenti/SW4STM32/DISCO-F429ZI_uGFX/mbed/TARGET_DISCO_F429ZI/TOOLCHAIN_GCC_ARM/stm32f4xx_hal_tim.o
                0x0800b9dc                HAL_TIM_OC_Init
 .text.TIM_CCxChannelCmd
                0x0800ba10       0x18 D:/Google_drive/_Dokumenti/SW4STM32/DISCO-F429ZI_uGFX/mbed/TARGET_DISCO_F429ZI/TOOLCHAIN_GCC_ARM/stm32f4xx_hal_tim.o
                0x0800ba10                TIM_CCxChannelCmd
 .text.HAL_TIM_PWM_Start
                0x0800ba28       0x34 D:/Google_drive/_Dokumenti/SW4STM32/DISCO-F429ZI_uGFX/mbed/TARGET_DISCO_F429ZI/TOOLCHAIN_GCC_ARM/stm32f4xx_hal_tim.o
                0x0800ba28                HAL_TIM_PWM_Start
 .text.HAL_TIM_OC_Start
                0x0800ba5c        0x4 D:/Google_drive/_Dokumenti/SW4STM32/DISCO-F429ZI_uGFX/mbed/TARGET_DISCO_F429ZI/TOOLCHAIN_GCC_ARM/stm32f4xx_hal_tim.o
                0x0800ba5c                HAL_TIM_OC_Start
 .text.UART_SetConfig
                0x0800ba60      0x234 D:/Google_drive/_Dokumenti/SW4STM32/DISCO-F429ZI_uGFX/mbed/TARGET_DISCO_F429ZI/TOOLCHAIN_GCC_ARM/stm32f4xx_hal_uart.o
 .text.HAL_UART_MspInit
                0x0800bc94        0x2 D:/Google_drive/_Dokumenti/SW4STM32/DISCO-F429ZI_uGFX/mbed/TARGET_DISCO_F429ZI/TOOLCHAIN_GCC_ARM/stm32f4xx_hal_uart.o
                0x0800bc94                HAL_UART_MspInit
 .text.HAL_UART_Init
                0x0800bc96       0x5c D:/Google_drive/_Dokumenti/SW4STM32/DISCO-F429ZI_uGFX/mbed/TARGET_DISCO_F429ZI/TOOLCHAIN_GCC_ARM/stm32f4xx_hal_uart.o
                0x0800bc96                HAL_UART_Init
 .text.FMC_SDRAM_Init
                0x0800bcf2       0x7e D:/Google_drive/_Dokumenti/SW4STM32/DISCO-F429ZI_uGFX/mbed/TARGET_DISCO_F429ZI/TOOLCHAIN_GCC_ARM/stm32f4xx_ll_fmc.o
                0x0800bcf2                FMC_SDRAM_Init
 .text.FMC_SDRAM_Timing_Init
                0x0800bd70       0x90 D:/Google_drive/_Dokumenti/SW4STM32/DISCO-F429ZI_uGFX/mbed/TARGET_DISCO_F429ZI/TOOLCHAIN_GCC_ARM/stm32f4xx_ll_fmc.o
                0x0800bd70                FMC_SDRAM_Timing_Init
 .text.FMC_SDRAM_SendCommand
                0x0800be00       0x4a D:/Google_drive/_Dokumenti/SW4STM32/DISCO-F429ZI_uGFX/mbed/TARGET_DISCO_F429ZI/TOOLCHAIN_GCC_ARM/stm32f4xx_ll_fmc.o
                0x0800be00                FMC_SDRAM_SendCommand
 .text.FMC_SDRAM_ProgramRefreshRate
                0x0800be4a        0xc D:/Google_drive/_Dokumenti/SW4STM32/DISCO-F429ZI_uGFX/mbed/TARGET_DISCO_F429ZI/TOOLCHAIN_GCC_ARM/stm32f4xx_ll_fmc.o
                0x0800be4a                FMC_SDRAM_ProgramRefreshRate
 .text.SetSysClock_PLL_HSI.part.1
                0x0800be56       0x2e D:/Google_drive/_Dokumenti/SW4STM32/DISCO-F429ZI_uGFX/mbed/TARGET_DISCO_F429ZI/TOOLCHAIN_GCC_ARM/system_clock.o
 .text.SystemInit
                0x0800be84       0x34 D:/Google_drive/_Dokumenti/SW4STM32/DISCO-F429ZI_uGFX/mbed/TARGET_DISCO_F429ZI/TOOLCHAIN_GCC_ARM/system_clock.o
                0x0800be84                SystemInit
 .text.SetSysClock_PLL_HSE
                0x0800beb8       0x84 D:/Google_drive/_Dokumenti/SW4STM32/DISCO-F429ZI_uGFX/mbed/TARGET_DISCO_F429ZI/TOOLCHAIN_GCC_ARM/system_clock.o
                0x0800beb8                SetSysClock_PLL_HSE
 .text.SetSysClock_PLL_HSI
                0x0800bf3c       0x7c D:/Google_drive/_Dokumenti/SW4STM32/DISCO-F429ZI_uGFX/mbed/TARGET_DISCO_F429ZI/TOOLCHAIN_GCC_ARM/system_clock.o
                0x0800bf3c                SetSysClock_PLL_HSI
 .text.SetSysClock
                0x0800bfb8       0x14 D:/Google_drive/_Dokumenti/SW4STM32/DISCO-F429ZI_uGFX/mbed/TARGET_DISCO_F429ZI/TOOLCHAIN_GCC_ARM/system_clock.o
                0x0800bfb8                SetSysClock
 .text.SystemInitPre
                0x0800bfcc       0x1c D:/Google_drive/_Dokumenti/SW4STM32/DISCO-F429ZI_uGFX/mbed/TARGET_DISCO_F429ZI/TOOLCHAIN_GCC_ARM/system_init_pre.o
                0x0800bfcc                SystemInitPre
 .text.SystemCoreClockUpdate
                0x0800bfe8       0x74 D:/Google_drive/_Dokumenti/SW4STM32/DISCO-F429ZI_uGFX/mbed/TARGET_DISCO_F429ZI/TOOLCHAIN_GCC_ARM/system_stm32f4xx.o
                0x0800bfe8                SystemCoreClockUpdate
 .text.us_ticker_init
                0x0800c05c       0x24 D:/Google_drive/_Dokumenti/SW4STM32/DISCO-F429ZI_uGFX/mbed/TARGET_DISCO_F429ZI/TOOLCHAIN_GCC_ARM/us_ticker_32b.o
                0x0800c05c                us_ticker_init
 .text.us_ticker_read
                0x0800c080       0x1c D:/Google_drive/_Dokumenti/SW4STM32/DISCO-F429ZI_uGFX/mbed/TARGET_DISCO_F429ZI/TOOLCHAIN_GCC_ARM/us_ticker_32b.o
                0x0800c080                us_ticker_read
 .text.us_ticker_set_interrupt
                0x0800c09c       0x34 D:/Google_drive/_Dokumenti/SW4STM32/DISCO-F429ZI_uGFX/mbed/TARGET_DISCO_F429ZI/TOOLCHAIN_GCC_ARM/us_ticker_32b.o
                0x0800c09c                us_ticker_set_interrupt
 .text.us_ticker_disable_interrupt
                0x0800c0d0       0x18 D:/Google_drive/_Dokumenti/SW4STM32/DISCO-F429ZI_uGFX/mbed/TARGET_DISCO_F429ZI/TOOLCHAIN_GCC_ARM/us_ticker_32b.o
                0x0800c0d0                us_ticker_disable_interrupt
 .text.us_ticker_clear_interrupt
                0x0800c0e8       0x18 D:/Google_drive/_Dokumenti/SW4STM32/DISCO-F429ZI_uGFX/mbed/TARGET_DISCO_F429ZI/TOOLCHAIN_GCC_ARM/us_ticker_32b.o
                0x0800c0e8                us_ticker_clear_interrupt
 .text._gpio_init_out.part.2
                0x0800c100       0x28 D:\Google_drive\_Dokumenti\SW4STM32\DISCO-F429ZI_uGFX\mbed\TARGET_DISCO_F429ZI\TOOLCHAIN_GCC_ARM\libmbed.a(mbed_gpio.o)
 .text.gpio_init_out_ex
                0x0800c128       0x20 D:\Google_drive\_Dokumenti\SW4STM32\DISCO-F429ZI_uGFX\mbed\TARGET_DISCO_F429ZI\TOOLCHAIN_GCC_ARM\libmbed.a(mbed_gpio.o)
                0x0800c128                gpio_init_out_ex
 .text.gpio_init_out
                0x0800c148        0x6 D:\Google_drive\_Dokumenti\SW4STM32\DISCO-F429ZI_uGFX\mbed\TARGET_DISCO_F429ZI\TOOLCHAIN_GCC_ARM\libmbed.a(mbed_gpio.o)
                0x0800c148                gpio_init_out
 *fill*         0x0800c14e        0x2 
 .text.pinmap_pinout
                0x0800c150       0x3c D:\Google_drive\_Dokumenti\SW4STM32\DISCO-F429ZI_uGFX\mbed\TARGET_DISCO_F429ZI\TOOLCHAIN_GCC_ARM\libmbed.a(mbed_pinmap_common.o)
                0x0800c150                pinmap_pinout
 .text.pinmap_merge
                0x0800c18c       0x24 D:\Google_drive\_Dokumenti\SW4STM32\DISCO-F429ZI_uGFX\mbed\TARGET_DISCO_F429ZI\TOOLCHAIN_GCC_ARM\libmbed.a(mbed_pinmap_common.o)
                0x0800c18c                pinmap_merge
 .text.pinmap_find_peripheral
                0x0800c1b0       0x18 D:\Google_drive\_Dokumenti\SW4STM32\DISCO-F429ZI_uGFX\mbed\TARGET_DISCO_F429ZI\TOOLCHAIN_GCC_ARM\libmbed.a(mbed_pinmap_common.o)
                0x0800c1b0                pinmap_find_peripheral
 .text.pinmap_peripheral
                0x0800c1c8       0x20 D:\Google_drive\_Dokumenti\SW4STM32\DISCO-F429ZI_uGFX\mbed\TARGET_DISCO_F429ZI\TOOLCHAIN_GCC_ARM\libmbed.a(mbed_pinmap_common.o)
                0x0800c1c8                pinmap_peripheral
 .text.us_ticker_irq_handler
                0x0800c1e8        0xc D:\Google_drive\_Dokumenti\SW4STM32\DISCO-F429ZI_uGFX\mbed\TARGET_DISCO_F429ZI\TOOLCHAIN_GCC_ARM\libmbed.a(mbed_us_ticker_api.o)
                0x0800c1e8                us_ticker_irq_handler
 .text.update_present_time
                0x0800c1f4       0x26 D:\Google_drive\_Dokumenti\SW4STM32\DISCO-F429ZI_uGFX\mbed\TARGET_DISCO_F429ZI\TOOLCHAIN_GCC_ARM\libmbed.a(mbed_ticker_api.o)
 .text.schedule_interrupt
                0x0800c21a       0x4e D:\Google_drive\_Dokumenti\SW4STM32\DISCO-F429ZI_uGFX\mbed\TARGET_DISCO_F429ZI\TOOLCHAIN_GCC_ARM\libmbed.a(mbed_ticker_api.o)
 .text.ticker_irq_handler
                0x0800c268       0x44 D:\Google_drive\_Dokumenti\SW4STM32\DISCO-F429ZI_uGFX\mbed\TARGET_DISCO_F429ZI\TOOLCHAIN_GCC_ARM\libmbed.a(mbed_ticker_api.o)
                0x0800c268                ticker_irq_handler
 .text.mbed_assert_internal
                0x0800c2ac       0x24 D:\Google_drive\_Dokumenti\SW4STM32\DISCO-F429ZI_uGFX\mbed\TARGET_DISCO_F429ZI\TOOLCHAIN_GCC_ARM\libmbed.a(mbed_assert.o)
                0x0800c2ac                mbed_assert_internal
 .text.error    0x0800c2d0       0x2c D:\Google_drive\_Dokumenti\SW4STM32\DISCO-F429ZI_uGFX\mbed\TARGET_DISCO_F429ZI\TOOLCHAIN_GCC_ARM\libmbed.a(mbed_error.o)
                0x0800c2d0                error
 .text.core_util_are_interrupts_enabled
                0x0800c2fc        0xc D:\Google_drive\_Dokumenti\SW4STM32\DISCO-F429ZI_uGFX\mbed\TARGET_DISCO_F429ZI\TOOLCHAIN_GCC_ARM\libmbed.a(mbed_critical.o)
                0x0800c2fc                core_util_are_interrupts_enabled
 .text.core_util_critical_section_enter
                0x0800c308       0x58 D:\Google_drive\_Dokumenti\SW4STM32\DISCO-F429ZI_uGFX\mbed\TARGET_DISCO_F429ZI\TOOLCHAIN_GCC_ARM\libmbed.a(mbed_critical.o)
                0x0800c308                core_util_critical_section_enter
 .text.core_util_critical_section_exit
                0x0800c360       0x3c D:\Google_drive\_Dokumenti\SW4STM32\DISCO-F429ZI_uGFX\mbed\TARGET_DISCO_F429ZI\TOOLCHAIN_GCC_ARM\libmbed.a(mbed_critical.o)
                0x0800c360                core_util_critical_section_exit
 .text.wait_us  0x0800c39c       0x16 D:\Google_drive\_Dokumenti\SW4STM32\DISCO-F429ZI_uGFX\mbed\TARGET_DISCO_F429ZI\TOOLCHAIN_GCC_ARM\libmbed.a(mbed_wait_api_no_rtos.o)
                0x0800c39c                wait_us
 .text.wait_ms  0x0800c3b2        0xa D:\Google_drive\_Dokumenti\SW4STM32\DISCO-F429ZI_uGFX\mbed\TARGET_DISCO_F429ZI\TOOLCHAIN_GCC_ARM\libmbed.a(mbed_wait_api_no_rtos.o)
                0x0800c3b2                wait_ms
 .text.__errno  0x0800c3bc        0xc c:/ac6/systemworkbench/plugins/fr.ac6.mcu.externaltools.arm-none.win32_1.15.0.201708311556/tools/compiler/bin/../lib/gcc/arm-none-eabi/6.3.1/../../../../arm-none-eabi/lib/thumb/v7e-m/fpv4-sp/softfp\libc_nano.a(lib_a-errno.o)
                0x0800c3bc                __errno
 .text.exit     0x0800c3c8       0x28 c:/ac6/systemworkbench/plugins/fr.ac6.mcu.externaltools.arm-none.win32_1.15.0.201708311556/tools/compiler/bin/../lib/gcc/arm-none-eabi/6.3.1/../../../../arm-none-eabi/lib/thumb/v7e-m/fpv4-sp/softfp\libc_nano.a(lib_a-exit.o)
                0x0800c3c8                exit
 .text.__sflush_r
                0x0800c3f0      0x110 c:/ac6/systemworkbench/plugins/fr.ac6.mcu.externaltools.arm-none.win32_1.15.0.201708311556/tools/compiler/bin/../lib/gcc/arm-none-eabi/6.3.1/../../../../arm-none-eabi/lib/thumb/v7e-m/fpv4-sp/softfp\libc_nano.a(lib_a-fflush.o)
                0x0800c3f0                __sflush_r
 .text._fflush_r
                0x0800c500       0x54 c:/ac6/systemworkbench/plugins/fr.ac6.mcu.externaltools.arm-none.win32_1.15.0.201708311556/tools/compiler/bin/../lib/gcc/arm-none-eabi/6.3.1/../../../../arm-none-eabi/lib/thumb/v7e-m/fpv4-sp/softfp\libc_nano.a(lib_a-fflush.o)
                0x0800c500                _fflush_r
 .text.fflush   0x0800c554       0x24 c:/ac6/systemworkbench/plugins/fr.ac6.mcu.externaltools.arm-none.win32_1.15.0.201708311556/tools/compiler/bin/../lib/gcc/arm-none-eabi/6.3.1/../../../../arm-none-eabi/lib/thumb/v7e-m/fpv4-sp/softfp\libc_nano.a(lib_a-fflush.o)
                0x0800c554                fflush
 .text._cleanup_r
                0x0800c578        0xc c:/ac6/systemworkbench/plugins/fr.ac6.mcu.externaltools.arm-none.win32_1.15.0.201708311556/tools/compiler/bin/../lib/gcc/arm-none-eabi/6.3.1/../../../../arm-none-eabi/lib/thumb/v7e-m/fpv4-sp/softfp\libc_nano.a(lib_a-findfp.o)
                0x0800c578                _cleanup_r
 .text.std.isra.0
                0x0800c584       0x48 c:/ac6/systemworkbench/plugins/fr.ac6.mcu.externaltools.arm-none.win32_1.15.0.201708311556/tools/compiler/bin/../lib/gcc/arm-none-eabi/6.3.1/../../../../arm-none-eabi/lib/thumb/v7e-m/fpv4-sp/softfp\libc_nano.a(lib_a-findfp.o)
 .text.__sfmoreglue
                0x0800c5cc       0x2c c:/ac6/systemworkbench/plugins/fr.ac6.mcu.externaltools.arm-none.win32_1.15.0.201708311556/tools/compiler/bin/../lib/gcc/arm-none-eabi/6.3.1/../../../../arm-none-eabi/lib/thumb/v7e-m/fpv4-sp/softfp\libc_nano.a(lib_a-findfp.o)
                0x0800c5cc                __sfmoreglue
 .text.__sinit  0x0800c5f8       0x60 c:/ac6/systemworkbench/plugins/fr.ac6.mcu.externaltools.arm-none.win32_1.15.0.201708311556/tools/compiler/bin/../lib/gcc/arm-none-eabi/6.3.1/../../../../arm-none-eabi/lib/thumb/v7e-m/fpv4-sp/softfp\libc_nano.a(lib_a-findfp.o)
                0x0800c5f8                __sinit
 .text.__sfp    0x0800c658       0x78 c:/ac6/systemworkbench/plugins/fr.ac6.mcu.externaltools.arm-none.win32_1.15.0.201708311556/tools/compiler/bin/../lib/gcc/arm-none-eabi/6.3.1/../../../../arm-none-eabi/lib/thumb/v7e-m/fpv4-sp/softfp\libc_nano.a(lib_a-findfp.o)
                0x0800c658                __sfp
 .text._fwalk_reent
                0x0800c6d0       0x3c c:/ac6/systemworkbench/plugins/fr.ac6.mcu.externaltools.arm-none.win32_1.15.0.201708311556/tools/compiler/bin/../lib/gcc/arm-none-eabi/6.3.1/../../../../arm-none-eabi/lib/thumb/v7e-m/fpv4-sp/softfp\libc_nano.a(lib_a-fwalk.o)
                0x0800c6d0                _fwalk_reent
 .text.__libc_init_array
                0x0800c70c       0x48 c:/ac6/systemworkbench/plugins/fr.ac6.mcu.externaltools.arm-none.win32_1.15.0.201708311556/tools/compiler/bin/../lib/gcc/arm-none-eabi/6.3.1/../../../../arm-none-eabi/lib/thumb/v7e-m/fpv4-sp/softfp\libc_nano.a(lib_a-init.o)
                0x0800c70c                __libc_init_array
 .text.malloc   0x0800c754       0x10 c:/ac6/systemworkbench/plugins/fr.ac6.mcu.externaltools.arm-none.win32_1.15.0.201708311556/tools/compiler/bin/../lib/gcc/arm-none-eabi/6.3.1/../../../../arm-none-eabi/lib/thumb/v7e-m/fpv4-sp/softfp\libc_nano.a(lib_a-malloc.o)
                0x0800c754                malloc
 .text.free     0x0800c764       0x10 c:/ac6/systemworkbench/plugins/fr.ac6.mcu.externaltools.arm-none.win32_1.15.0.201708311556/tools/compiler/bin/../lib/gcc/arm-none-eabi/6.3.1/../../../../arm-none-eabi/lib/thumb/v7e-m/fpv4-sp/softfp\libc_nano.a(lib_a-malloc.o)
                0x0800c764                free
 *fill*         0x0800c774        0xc 
 .text          0x0800c780       0xa0 c:/ac6/systemworkbench/plugins/fr.ac6.mcu.externaltools.arm-none.win32_1.15.0.201708311556/tools/compiler/bin/../lib/gcc/arm-none-eabi/6.3.1/../../../../arm-none-eabi/lib/thumb/v7e-m/fpv4-sp/softfp\libc_nano.a(lib_a-memchr.o)
                0x0800c780                memchr
 .text.memcpy   0x0800c820       0x16 c:/ac6/systemworkbench/plugins/fr.ac6.mcu.externaltools.arm-none.win32_1.15.0.201708311556/tools/compiler/bin/../lib/gcc/arm-none-eabi/6.3.1/../../../../arm-none-eabi/lib/thumb/v7e-m/fpv4-sp/softfp\libc_nano.a(lib_a-memcpy-stub.o)
                0x0800c820                memcpy
 .text.memset   0x0800c836       0x10 c:/ac6/systemworkbench/plugins/fr.ac6.mcu.externaltools.arm-none.win32_1.15.0.201708311556/tools/compiler/bin/../lib/gcc/arm-none-eabi/6.3.1/../../../../arm-none-eabi/lib/thumb/v7e-m/fpv4-sp/softfp\libc_nano.a(lib_a-memset.o)
                0x0800c836                memset
 *fill*         0x0800c846        0x2 
 .text._free_r  0x0800c848       0x9c c:/ac6/systemworkbench/plugins/fr.ac6.mcu.externaltools.arm-none.win32_1.15.0.201708311556/tools/compiler/bin/../lib/gcc/arm-none-eabi/6.3.1/../../../../arm-none-eabi/lib/thumb/v7e-m/fpv4-sp/softfp\libc_nano.a(lib_a-nano-freer.o)
                0x0800c848                _free_r
 .text._malloc_r
                0x0800c8e4       0xbc c:/ac6/systemworkbench/plugins/fr.ac6.mcu.externaltools.arm-none.win32_1.15.0.201708311556/tools/compiler/bin/../lib/gcc/arm-none-eabi/6.3.1/../../../../arm-none-eabi/lib/thumb/v7e-m/fpv4-sp/softfp\libc_nano.a(lib_a-nano-mallocr.o)
                0x0800c8e4                _malloc_r
 .text._sbrk_r  0x0800c9a0       0x20 c:/ac6/systemworkbench/plugins/fr.ac6.mcu.externaltools.arm-none.win32_1.15.0.201708311556/tools/compiler/bin/../lib/gcc/arm-none-eabi/6.3.1/../../../../arm-none-eabi/lib/thumb/v7e-m/fpv4-sp/softfp\libc_nano.a(lib_a-sbrkr.o)
                0x0800c9a0                _sbrk_r
 .text          0x0800c9c0       0x1c c:/ac6/systemworkbench/plugins/fr.ac6.mcu.externaltools.arm-none.win32_1.15.0.201708311556/tools/compiler/bin/../lib/gcc/arm-none-eabi/6.3.1/../../../../arm-none-eabi/lib/thumb/v7e-m/fpv4-sp/softfp\libc_nano.a(lib_a-setjmp.o)
                0x0800c9c0                setjmp
                0x0800c9cc                longjmp
 .text.__sread  0x0800c9dc       0x22 c:/ac6/systemworkbench/plugins/fr.ac6.mcu.externaltools.arm-none.win32_1.15.0.201708311556/tools/compiler/bin/../lib/gcc/arm-none-eabi/6.3.1/../../../../arm-none-eabi/lib/thumb/v7e-m/fpv4-sp/softfp\libc_nano.a(lib_a-stdio.o)
                0x0800c9dc                __sread
 .text.__swrite
                0x0800c9fe       0x38 c:/ac6/systemworkbench/plugins/fr.ac6.mcu.externaltools.arm-none.win32_1.15.0.201708311556/tools/compiler/bin/../lib/gcc/arm-none-eabi/6.3.1/../../../../arm-none-eabi/lib/thumb/v7e-m/fpv4-sp/softfp\libc_nano.a(lib_a-stdio.o)
                0x0800c9fe                __swrite
 .text.__sseek  0x0800ca36       0x24 c:/ac6/systemworkbench/plugins/fr.ac6.mcu.externaltools.arm-none.win32_1.15.0.201708311556/tools/compiler/bin/../lib/gcc/arm-none-eabi/6.3.1/../../../../arm-none-eabi/lib/thumb/v7e-m/fpv4-sp/softfp\libc_nano.a(lib_a-stdio.o)
                0x0800ca36                __sseek
 .text.__sclose
                0x0800ca5a        0x8 c:/ac6/systemworkbench/plugins/fr.ac6.mcu.externaltools.arm-none.win32_1.15.0.201708311556/tools/compiler/bin/../lib/gcc/arm-none-eabi/6.3.1/../../../../arm-none-eabi/lib/thumb/v7e-m/fpv4-sp/softfp\libc_nano.a(lib_a-stdio.o)
                0x0800ca5a                __sclose
 .text          0x0800ca62       0x14 c:/ac6/systemworkbench/plugins/fr.ac6.mcu.externaltools.arm-none.win32_1.15.0.201708311556/tools/compiler/bin/../lib/gcc/arm-none-eabi/6.3.1/../../../../arm-none-eabi/lib/thumb/v7e-m/fpv4-sp/softfp\libc_nano.a(lib_a-strcmp.o)
                0x0800ca62                strcmp
 .text.strcpy   0x0800ca76       0x10 c:/ac6/systemworkbench/plugins/fr.ac6.mcu.externaltools.arm-none.win32_1.15.0.201708311556/tools/compiler/bin/../lib/gcc/arm-none-eabi/6.3.1/../../../../arm-none-eabi/lib/thumb/v7e-m/fpv4-sp/softfp\libc_nano.a(lib_a-strcpy.o)
                0x0800ca76                strcpy
 .text          0x0800ca86       0x10 c:/ac6/systemworkbench/plugins/fr.ac6.mcu.externaltools.arm-none.win32_1.15.0.201708311556/tools/compiler/bin/../lib/gcc/arm-none-eabi/6.3.1/../../../../arm-none-eabi/lib/thumb/v7e-m/fpv4-sp/softfp\libc_nano.a(lib_a-strlen.o)
                0x0800ca86                strlen
 .text._vsnprintf_r
                0x0800ca96       0x58 c:/ac6/systemworkbench/plugins/fr.ac6.mcu.externaltools.arm-none.win32_1.15.0.201708311556/tools/compiler/bin/../lib/gcc/arm-none-eabi/6.3.1/../../../../arm-none-eabi/lib/thumb/v7e-m/fpv4-sp/softfp\libc_nano.a(lib_a-vsnprintf.o)
                0x0800ca96                _vsniprintf_r
                0x0800ca96                _vsnprintf_r
 *fill*         0x0800caee        0x2 
 .text.vsnprintf